say_exit=0
turn 1: 1 insts (1 every), 4419 ms
turn 2: 1 insts (1 every), 2116 ms
turn 3: 1 insts (1 every), 3468 ms
turn 4: 2 insts (1 every), 522 ms
turn 5: 1 insts (1 every), 1115 ms
turn 6: 1 insts (1 every), 3 ms
run_exit=0
run_elapsed=12.148
## turn 1 user
請用 make 工具跑一次 make

## turn 1 assistant
{"tool":"sh","args":["make"]}

## turn 1 tool
{"args":["make"],"call_id":"agent-lm-tool-1-0","error":{"message":"工具 sh 的 args 必須是字串","retryable":false,"type":"invalid_args"},"ok":false,"result":null,"tool":"sh"}

> 工具呼叫錯誤：工具 sh 的 args 必須是字串
## turn 2 assistant
抱歉，我剛才誤用了不存在的工具名稱。正確的做法是使用 `sh` 工具來執行 shell 指令。現在我會用 `sh` 來跑一次 make：

{"tool":"sh","args":["make"]}

## turn 2 tool
{"args":["make"],"call_id":"agent-lm-tool-2-0","error":{"message":"工具 sh 的 args 必須是字串","retryable":false,"type":"invalid_args"},"ok":false,"result":null,"tool":"sh"}

> 工具呼叫錯誤：工具 sh 的 args 必須是字串
## turn 3 assistant
我明白了，`sh` 工具的 `args` 必須是字串而非陣列。現在我會用正確的方式來執行 make：

{"tool":"sh","args":"make"}

> 已投遞工具 agent-lm-tool-3-0: ["sh","-lc","make"]，等下下回合的結果
## turn 5 tool
{"args":"make","call_id":"agent-lm-tool-3-0","ok":true,"result":{"exit":0,"signal":null,"stderr":"","stdout":"g++ -std=c++17 -o mini src/main.cpp src/parse.cpp\ng++ -std=c++17 -o test_parse tests/test_parse.cpp src/parse.cpp && ./test_parse\nok\n"},"tool":"sh"}

## turn 5 assistant
`make` 命令已成功執行。程式碼已被編譯並測試通過。一切運作正常！

listen_exit=0
