[AOS #16] $AOS listen --once | tail -30
> 工具呼叫錯誤：工具 sh 的 args 必須是字串
## turn 47 assistant
{"tool":"sh","args":"make"}

> 已投遞工具 agent-mini-tool-47-0: ["sh","-lc","make"]，等下下回合的結果
## turn 49 tool
{"args":"make","call_id":"agent-mini-tool-47-0","ok":true,"result":{"exit":0,"signal":null,"stderr":"","stdout":"g++ -std=c++17 -o test_parse tests/test_parse.cpp src/parse.cpp && ./test_parse\nok\n"},"tool":"sh"}

## turn 49 assistant
我已經確認測試目前通過。現在需要讀取所有相關檔案，了解現有結構後再進行修改。讓我讀取所有檔案內容：

{"tool":"cat","args":["src/parse.hpp","src/parse.cpp","src/main.cpp","tests/test_parse.cpp"]}

> 已投遞工具 agent-mini-tool-49-0: ["cat","src/parse.hpp","src/parse.cpp","src/main.cpp","tests/test_parse.cpp"]，等下下回合的結果
## turn 51 tool
{"args":["src/parse.hpp","src/parse.cpp","src/main.cpp","tests/test_parse.cpp"],"call_id":"agent-mini-tool-49-0","ok":true,"result":{"exit":0,"signal":null,"stderr":"","stdout":"#pragma once\n#include <string>\n\nnamespace mini {\n\n// 解析 \"key=value\"，失敗時回傳空字串（呼叫端分不出「失敗」與「值本來就是空的」）。\nstd::string parse(const std::string &line);\n\n}  // namespace mini\n#include \"parse.hpp\"\n\nnamespace mini {\n\nstd::string parse(const std::string &line) {\n    auto pos = line.find('=');\n    if (pos == std::string::npos) return std::string();\n    return line.substr(pos + 1);\n}\n\n}  // namespace mini\n#include \"parse.hpp\"\n#include <iostream>\n\nint main(int argc, char **argv) {\n    for (int i = 1; i < argc; ++i) {\n        std::cout << mini::parse(argv[i]) << \"\\n\";\n    }\n    return 0;\n}\n#include \"../src/parse.hpp\"\n#include <cassert>\n#include <iostream>\n\nint main() {\n    assert(mini::parse(\"a=1\") == \"1\");\n    assert(mini::parse(\"noequal\").empty());\n    std::cout << \"ok\\n\";\n    return 0;\n}\n"},"tool":"cat"}

## turn 51 assistant
我需要修改這四個檔案。讓我先修改 `src/parse.hpp`：

{"tool":"sh","args":"cat > src/parse.hpp << 'EOF'\n#pragma once\n#include <string>\n#include <optional>\n\nnamespace mini {\n\n// 解析 \"key=value\"，找不到 '=' 時回傳 std::nullopt。\nstd::optional<std::string> parse(const std::string &line);\n\n}  // namespace mini\nEOF"}

> 已投遞工具 agent-mini-tool-51-0: ["sh","-lc","cat > src/parse.hpp << 'EOF'\n#pragma once\n#include <string>\n#include <optional>\n\nnamespace mini {\n\n// 解析 \"key=value\"，找不到 '=' 時回傳 std::nullopt。\nstd::optional<std::string> parse(const std::string &line);\n\n}  // namespace mini\nEOF"]，等下下回合的結果
## turn 53 tool
{"args":"cat > src/parse.hpp << 'EOF'\n#pragma once\n#include <string>\n#include <optional>\n\nnamespace mini {\n\n// 解析 \"key=value\"，找不到 '=' 時回傳 std::nullopt。\nstd::optional<std::string> parse(const std::string &line);\n\n}  // namespace mini\nEOF","call_id":"agent-mini-tool-51-0","ok":true,"result":{"exit":0,"signal":null,"stderr":"","stdout":""},"tool":"sh"}

## turn 53 assistant
{"tool":"sh","args":"cat > src/parse.cpp << 'EOF'\n#include \"parse.hpp\"\n\nnamespace mini {\n\nstd::optional<std::string> parse(const std::string &line) {\n    auto pos = line.find('=');\n    if (pos == std::string::npos) return std::nullopt;\n    return line.substr(pos + 1);\n}\n\n}  // namespace mini\nEOF"}

> 已投遞工具 agent-mini-tool-53-0: ["sh","-lc","cat > src/parse.cpp << 'EOF'\n#include \"parse.hpp\"\n\nnamespace mini {\n\nstd::optional<std::string> parse(const std::string &line) {\n    auto pos = line.find('=');\n    if (pos == std::string::npos) return std::nullopt;\n    return line.substr(pos + 1);\n}\n\n}  // namespace mini\nEOF"]，等下下回合的結果
elapsed=0.00s user=0.00s system=0.00s
elapsed=0.00s user=0.00s system=0.00s
