[AOS #10] $AOS state
{
  "detail": "等待訊息",
  "status": "idle",
  "turn": 30,
  "updated_at": "2026-08-30T11:37:22Z"
}
elapsed=0.00s user=0.00s system=0.00s
$ cat .aos/agents/*/status.json
{
  "detail": "等待訊息",
  "status": "idle",
  "turn": 30,
  "updated_at": "2026-08-30T11:37:22Z"
}
[AOS #11] $AOS listen --once
## turn 16 user
把 src/parse.cpp 裡的 parse() 改成回傳 std::optional<std::string>：找不到 '=' 時回傳 std::nullopt。src/parse.hpp 的宣告和 src/main.cpp 的呼叫端也要一起改，tests/test_parse.cpp 也要跟著改。改完跑 make 確認測試會過。

## turn 16 assistant
我需要先查看相關檔案的內容，了解現有實作與測試邏輯，再進行修改。讓我開始檢查資料夾結構和檔案內容。

{"tool":"ls","args":["-la","src/","tests/"]}

> 已投遞工具 agent-mini-tool-16-0: ["ls","-la","src/","tests/"]，等下下回合的結果
## turn 18 tool
{"args":["-la","src/","tests/"],"call_id":"agent-mini-tool-16-0","ok":true,"result":{"exit":0,"signal":null,"stderr":"","stdout":"src/:\ntotal 20\ndrwxr-xr-x 2 lorkhan lorkhan 4096 Aug 30 19:35 .\ndrwxr-xr-x 5 lorkhan lorkhan 4096 Aug 30 19:36 ..\n-rw-r--r-- 1 lorkhan lorkhan  186 Aug 30 19:35 main.cpp\n-rw-r--r-- 1 lorkhan lorkhan  229 Aug 30 19:35 parse.cpp\n-rw-r--r-- 1 lorkhan lorkhan  234 Aug 30 19:35 parse.hpp\n\ntests/:\ntotal 12\ndrwxr-xr-x 2 lorkhan lorkhan 4096 Aug 30 19:35 .\ndrwxr-xr-x 5 lorkhan lorkhan 4096 Aug 30 19:36 ..\n-rw-r--r-- 1 lorkhan lorkhan  205 Aug 30 19:35 test_parse.cpp\n"},"tool":"ls"}

## turn 18 assistant

elapsed=0.00s user=0.00s system=0.00s
$ ps -eo pid,etime,stat,args | rg "[a]os (run|agent step)"
$ wc -l run1.log; tail -40 run1.log
30 run1.log
turn 1: 1 insts (1 every), 0 ms
turn 2: 1 insts (1 every), 1 ms
turn 3: 1 insts (1 every), 1 ms
turn 4: 1 insts (1 every), 1 ms
turn 5: 1 insts (1 every), 1 ms
turn 6: 1 insts (1 every), 1 ms
turn 7: 1 insts (1 every), 1 ms
turn 8: 1 insts (1 every), 1 ms
turn 9: 1 insts (1 every), 0 ms
turn 10: 1 insts (1 every), 1 ms
turn 11: 1 insts (1 every), 0 ms
turn 12: 1 insts (1 every), 1 ms
turn 13: 1 insts (1 every), 0 ms
turn 14: 1 insts (1 every), 1 ms
turn 15: 1 insts (1 every), 1 ms
turn 16: 1 insts (1 every), 6221 ms
turn 17: 2 insts (1 every), 4 ms
turn 18: 1 insts (1 every), 1365 ms
turn 19: 1 insts (1 every), 3 ms
turn 20: 1 insts (1 every), 3 ms
turn 21: 1 insts (1 every), 3 ms
turn 22: 1 insts (1 every), 3 ms
turn 23: 1 insts (1 every), 3 ms
turn 24: 1 insts (1 every), 3 ms
turn 25: 1 insts (1 every), 4 ms
turn 26: 1 insts (1 every), 3 ms
turn 27: 1 insts (1 every), 4 ms
turn 28: 1 insts (1 every), 3 ms
turn 29: 1 insts (1 every), 5 ms
turn 30: 1 insts (1 every), 3 ms
