test_core_line_budget (test_budget.TestBudget.test_core_line_budget) ... 
［只印不擋，D7］核心超過行數預算（總行 2952／2800、實際程式 2305／2200）：
  aos7_daemon.py             總行  749  實際程式  632
  aos7_daemon_timeline.py    總行  325  實際程式  262
  aos7_fs.py                 總行  349  實際程式  227
  aos7_mount.py              總行  181  實際程式  143
  aos7_proc.py               總行  276  實際程式  198
  aos7_run.py                總行  116  實際程式   90
  aos7_task.py               總行  344  實際程式  259
  aos7_tick.py               總行  414  實際程式  331
  aos7_tock.py               總行  198  實際程式  163
新功能預設進模組（proto7-2/README.md「進核心的三問」）；真要加預算，先在 notes/problems.md 寫理由、經使用者同意再改 tests/core/test_budget.py。
ok
test_bad_ctl_gets_failed_receipt (test_ctl.TestCtl.test_bad_ctl_gets_failed_receipt)
〔core〕 ... ok
test_k1_birth_read_failure_keeps_run_number (test_ctl.TestCtl.test_k1_birth_read_failure_keeps_run_number)
birth 讀失敗的 exit 仍帶環境的整數 run。 ... ok
test_k1_inherited_aos_environment_is_cleared (test_ctl.TestCtl.test_k1_inherited_aos_environment_is_cleared)
上一層的 AOS7_* 不傳給任務，核心身分照樣傳。 ... ok
test_k1_late_setsid_child_is_collected (test_ctl.TestCtl.test_k1_late_setsid_child_is_collected)
SIGTERM 才出生的新 session 子程序也收乾淨，keep 不雙活。 ... ok
test_k1_node_known_pgid_is_revalidated (test_ctl.TestCtl.test_k1_node_known_pgid_is_revalidated)
裸 pgid 不能殺外人的群組；同 node 群組照樣收。 ... ok
test_k1_node_rejected_pgid_not_readded_on_unknown (test_ctl.TestCtl.test_k1_node_rejected_pgid_not_readded_on_unknown)
已確定是外人的 pgid，後面掃描不完整也不打。 ... ok
test_k1_node_unknown_still_uses_known_groups (test_ctl.TestCtl.test_k1_node_unknown_still_uses_known_groups)
掃描不能重驗時照原契約打記著的群組，但不聲稱乾淨。 ... ok
test_k1_rescan_has_three_round_limit (test_ctl.TestCtl.test_k1_rescan_has_three_round_limit)
持續冒出相符程序不能回成功，run 與 node 都最多補收三輪。 ... ok
test_k1_rescan_kill_failure_not_clean (test_ctl.TestCtl.test_k1_rescan_kill_failure_not_clean)
補收那輪 SIGKILL 後確認不了，下一輪掃空也不能回乾淨。 ... ok
test_k1_runner_alive_but_task_found_is_killed (test_ctl.TestCtl.test_k1_runner_alive_but_task_found_is_killed)
沒 pid.json、runner 還在，但相符的任務已經起來（例如 pid.json 寫不進去）：照常收，不永遠留請求。 ... ok
test_k1_runner_starting_keeps_kill_request (test_ctl.TestCtl.test_k1_runner_starting_keeps_kill_request)
交接中的 runner 不能先回成功；放行後同一請求再收。 ... ok
test_k1_starting_runner_unknown_does_not_scan (test_ctl.TestCtl.test_k1_starting_runner_unknown_does_not_scan)
runner 未記上或認不出時，只留請求，不掃描、不殺。 ... ok
test_k1_stat_non_utf8_comm (test_ctl.TestCtl.test_k1_stat_non_utf8_comm)
stat 的 comm 不是 UTF-8 也能解析、掃描。 ... ok
test_k1_task_argument_is_not_runner (test_ctl.TestCtl.test_k1_task_argument_is_not_runner)
argv[2] 以後的 aos7-run 字樣不影響任務身分。 ... ok
test_kill_at_tock_reported_by_ctl (test_ctl.TestCtl.test_kill_at_tock_reported_by_ctl)
〔core〕 ... ok
test_kill_with_stale_run_refused (test_ctl.TestCtl.test_kill_with_stale_run_refused)
〔core〕 ... ok
test_lost_kills_leftover_before_keep_restarts (test_ctl.TestIdentityScan.test_lost_kills_leftover_before_keep_restarts)
runner 與任務主程序都被 kill -9，setsid 的孫程序還在：lost 判定前先身分掃描收掉它，keep 不雙開。 ... ok
test_no_runner_young_birth_is_live_old_is_lost (test_ctl.TestIdentityScan.test_no_runner_young_birth_is_live_old_is_lost) ... ok
test_old_run_leftover_not_taken_as_new_run (test_ctl.TestIdentityScan.test_old_run_leftover_not_taken_as_new_run)
同一個槽上一個 run 留下的孫程序：不算這次的活任務、kill 這次也不打到它。 ... ok
test_runner_died_without_pid_json_is_lost (test_ctl.TestIdentityScan.test_runner_died_without_pid_json_is_lost) ... ok
test_forged_pgid_not_killed (test_ctl.TestKillRange.test_forged_pgid_not_killed) ... ok
test_inst_kill_reaches_other_session (test_ctl.TestKillRange.test_inst_kill_reaches_other_session) ... ok
test_kill_reaches_setsid_grandchild (test_ctl.TestKillRange.test_kill_reaches_setsid_grandchild) ... ok
test_mount_request_served (test_ctl.TestMounts.test_mount_request_served)
執行中加掛：下一個 tick 審核、寫回條、建 mnt、在 birth 標 dyn；換 run 時照宣告重建（加掛的不帶過去，要帶用控制包 restart）。 ... ok
test_mounts_made_and_rebuilt_per_run (test_ctl.TestMounts.test_mounts_made_and_rebuilt_per_run) ... ok
test_bad_files_get_receipts (test_daemon.TestCtlFiles.test_bad_files_get_receipts) ... ok
test_flood_budget_and_status_moves (test_daemon.TestCtlFiles.test_flood_budget_and_status_moves) ... ok
test_log_on_switch (test_daemon.TestCtlFiles.test_log_on_switch) ... ok
test_receipt_failure_drops_request_and_stop_still_works (test_daemon.TestCtlFiles.test_receipt_failure_drops_request_and_stop_still_works)
回條寫不進去（處理丟例外）：效果可能已生效，不重做——請求刪掉、記 last_ctl_error；同圈的 stop 照樣生效。 ... ok
test_receipt_overwritten_same_name (test_daemon.TestCtlFiles.test_receipt_overwritten_same_name) ... ok
test_kill9_daemon_new_daemon_recovers_round_no_double (test_daemon.TestDaemonDeath.test_kill9_daemon_new_daemon_recovers_round_no_double) ... ok
test_new_daemon_reaps_old_holder (test_daemon.TestDaemonDeath.test_new_daemon_reaps_old_holder) ... ok
test_unverified_holder_not_killed (test_daemon.TestDaemonDeath.test_unverified_holder_not_killed) ... ok
test_clean_reap_waits_for_intent_removal_write (test_daemon.TestDaemonDurableRecovery.test_clean_reap_waits_for_intent_removal_write) ... ok
test_gone_timeline_must_end_before_final_clean_scan (test_daemon.TestDaemonDurableRecovery.test_gone_timeline_must_end_before_final_clean_scan)
舊時間線在 node 消失後還活著：reaper 判乾淨也不清意圖、不開新線；舊線結束後再掃一次才清（sol 第二眼 2）。 ... ok
test_incomplete_reap_holds_missing_until_scan_recovers (test_daemon.TestDaemonDurableRecovery.test_incomplete_reap_holds_missing_until_scan_recovers) ... ok
test_invalid_reaping_state_refuses_start (test_daemon.TestDaemonDurableRecovery.test_invalid_reaping_state_refuses_start) ... ok
test_live_pid_read_failure_retains_known_pgid (test_daemon.TestDaemonDurableRecovery.test_live_pid_read_failure_retains_known_pgid) ... ok
test_load_filters_reaping_and_steps_entries (test_daemon.TestDaemonDurableRecovery.test_load_filters_reaping_and_steps_entries) ... ok
test_reap_dirty_write_retries_and_preserves_known_groups (test_daemon.TestDaemonDurableRecovery.test_reap_dirty_write_retries_and_preserves_known_groups) ... ok
test_register_write_failure_is_retryable (test_daemon.TestDaemonDurableRecovery.test_register_write_failure_is_retryable) ... ok
test_replaced_node_crash_reaps_before_new_birth (test_daemon.TestDaemonDurableRecovery.test_replaced_node_crash_reaps_before_new_birth) ... ok
test_round_done_save_failure_does_not_raise_or_double_count (test_daemon.TestDaemonDurableRecovery.test_round_done_save_failure_does_not_raise_or_double_count)
paused.json 寫不進去：round_done 不往外丟（時間線重試會再扣一次），記憶體照扣、下次寫成功補上。 ... ok
test_slot_kill_unknown_is_not_clean (test_daemon.TestDaemonDurableRecovery.test_slot_kill_unknown_is_not_clean)
逐槽 kill 回 unknown（K1：runner 還在啟動、任務還沒起）＝未確認乾淨：unregister 的意圖留著、隔一陣再逐槽收， ... ok
test_steps_resume_remaining_rounds_after_sigkill (test_daemon.TestDaemonDurableRecovery.test_steps_resume_remaining_rounds_after_sigkill) ... ok
test_stop_sweep_includes_unregistered_reaping_intents (test_daemon.TestDaemonDurableRecovery.test_stop_sweep_includes_unregistered_reaping_intents) ... ok
test_stop_without_kill_keeps_intent_for_restart (test_daemon.TestDaemonDurableRecovery.test_stop_without_kill_keeps_intent_for_restart) ... ok
test_unregister_crash_before_kill_resumes (test_daemon.TestDaemonDurableRecovery.test_unregister_crash_before_kill_resumes) ... ok
test_unregister_external_sigkill_resumes (test_daemon.TestDaemonDurableRecovery.test_unregister_external_sigkill_resumes) ... ok
test_unregister_write_failure_is_retryable (test_daemon.TestDaemonDurableRecovery.test_unregister_write_failure_is_retryable) ... ok
test_default_fixed_interval (test_daemon.TestEarlyTock.test_default_fixed_interval) ... ok
test_early_tock_when_all_ended (test_daemon.TestEarlyTock.test_early_tock_when_all_ended) ... ok
test_move_kills_old_new_place_needs_register (test_daemon.TestNodeGone.test_move_kills_old_new_place_needs_register) ... ok
test_replaced_by_other_dir_is_new_timeline (test_daemon.TestNodeGone.test_replaced_by_other_dir_is_new_timeline) ... ok
test_rm_rf_kills_and_stays_registered (test_daemon.TestNodeGone.test_rm_rf_kills_and_stays_registered) ... ok
test_unreadable_node_is_unknown_not_gone (test_daemon.TestNodeGone.test_unreadable_node_is_unknown_not_gone) ... ok
test_owner_pause_not_released_by_other (test_daemon.TestPause.test_owner_pause_not_released_by_other) ... ok
test_resume_all_and_no_owner_slot (test_daemon.TestPause.test_resume_all_and_no_owner_slot) ... ok
test_resume_rounds_then_pauses_with_same_owner (test_daemon.TestPause.test_resume_rounds_then_pauses_with_same_owner) ... ok
test_resume_wakes_immediately (test_daemon.TestPause.test_resume_wakes_immediately) ... ok
test_wake (test_daemon.TestPause.test_wake) ... ok
test_register_absent_dir_then_appears (test_daemon.TestRegister.test_register_absent_dir_then_appears) ... ok
test_register_checks (test_daemon.TestRegister.test_register_checks) ... ok
test_register_runs_only_registered (test_daemon.TestRegister.test_register_runs_only_registered) ... ok
test_registered_before_daemon_starts (test_daemon.TestRegister.test_registered_before_daemon_starts)
寫給停著的 daemon 的控制檔留在 ctl/，起來才做（子 daemon 起來前先登記就靠這個）。 ... ok
test_restart_daemon_follows_nodes_json (test_daemon.TestRegister.test_restart_daemon_follows_nodes_json) ... ok
test_unregister_kills_by_default (test_daemon.TestRegister.test_unregister_kills_by_default) ... ok
test_unregister_no_kill_leaves_task (test_daemon.TestRegister.test_unregister_no_kill_leaves_task) ... ok
test_root_moved_stops_with_kill (test_daemon.TestStop.test_root_moved_stops_with_kill) ... ok
test_second_daemon_refused (test_daemon.TestStop.test_second_daemon_refused) ... ok
test_stop_kill_and_sigterm (test_daemon.TestStop.test_stop_kill_and_sigterm) ... ok
test_stop_without_kill_leaves_tasks (test_daemon.TestStop.test_stop_without_kill_leaves_tasks) ... ok
test_stop_not_blocked_by_stuck_tick (test_daemon.TestStuckActions.test_stop_not_blocked_by_stuck_tick) ... ok
test_stuck_tick_cut_and_round_marked (test_daemon.TestStuckActions.test_stuck_tick_cut_and_round_marked) ... ok
test_tock_killed_after_summary_is_replayed_once (test_daemon.TestStuckActions.test_tock_killed_after_summary_is_replayed_once) ... ok
test_unreadable_round_json_holds_timeline (test_daemon.TestStuckActions.test_unreadable_round_json_holds_timeline) ... ok
test_tasks_fifo_starts_nothing_deletes_nothing (test_errors.TestNotRegularInput.test_tasks_fifo_starts_nothing_deletes_nothing)
tasks.json 換成 FIFO：這回合不起、記 tasks_error；tock 不知道表上有誰，不刪槽。 ... ok
test_timeline_fifo_uses_defaults_and_notes (test_errors.TestNotRegularInput.test_timeline_fifo_uses_defaults_and_notes)
timeline.json 換成 FIFO：用預設並回一筆說明（時間線記進 last_error）。 ... ok
test_add_refused_eio (test_errors.TestTasksWriteG1.test_add_refused_eio)
tasks.json 半寫／被換成 FIFO／讀不到（EIO 注入）時 `aos7-ctl add` 拒寫：退出碼非 0、說明原因、檔案原封不動。［eio］ ... ok
test_add_refused_fifo (test_errors.TestTasksWriteG1.test_add_refused_fifo)
tasks.json 半寫／被換成 FIFO／讀不到（EIO 注入）時 `aos7-ctl add` 拒寫：退出碼非 0、說明原因、檔案原封不動。［fifo］ ... ok
test_add_refused_half (test_errors.TestTasksWriteG1.test_add_refused_half)
tasks.json 半寫／被換成 FIFO／讀不到（EIO 注入）時 `aos7-ctl add` 拒寫：退出碼非 0、說明原因、檔案原封不動。［half］ ... ok
test_add_to_missing_table_creates_it (test_errors.TestTasksWriteG1.test_add_to_missing_table_creates_it)
對照：tasks.json 不存在＝空表，照常加。 ... ok
test_readonly_aos_does_not_eat_rounds (test_errors.TestTickFailureG2.test_readonly_aos_does_not_eat_rounds) ... ok
test_huge_interval_daemon_recovers (test_errors.TestTimelineConfig.test_huge_interval_daemon_recovers) ... ok
test_interval_huge_int (test_errors.TestTimelineConfig.test_interval_huge_int) ... ok
test_invalid_optional_config (test_errors.TestTimelineConfig.test_invalid_optional_config) ... ok
test_never_started_on_crash_after_birth (test_exits.TestNeverStarted.test_never_started_on_crash_after_birth) ... ok
test_no_never_started_when_task_ran (test_exits.TestNeverStarted.test_no_never_started_when_task_ran) ... ok
test_guard_blocks_then_allows (test_exits.TestStopGuard.test_guard_blocks_then_allows) ... ok
test_sigterm_ignores_guard (test_exits.TestStopGuard.test_sigterm_ignores_guard) ... ok
test_bad_x_and_old_subroot_skipped (test_exits.TestX.test_bad_x_and_old_subroot_skipped) ... ok
test_x_copied_to_birth (test_exits.TestX.test_x_copied_to_birth) ... ok
test_crash_after_receipt_replays_harmlessly (test_matrix_a3.TestKillReplay.test_crash_after_receipt_replays_harmlessly)
tock 寫完回條、刪請求前被殺（ctl-after-done）：下一次再執行同一份 kill run 1——run 1 已結束，只補收殘留、回 ok:true； ... ok
test_undeletable_kill_only_hits_that_run (test_matrix_a3.TestKillReplay.test_undeletable_kill_only_hits_that_run)
kill run 1 完成後 ctl.json 刪不掉、每次 tick／tock 都再看到：只收掉 run 1，之後 keep 起的新 run 不被它殺（回條說已換人）。 ... ok
test_wrong_run_refused_then_resend (test_matrix_a3.TestKillReplay.test_wrong_run_refused_then_resend)
run 不是現在的（7）＝ok:false、沒動手；改對 run 重送照樣執行。run 缺＝輸入不合，回條 ok:false、請求刪掉。 ... ok
test_mount_dirs_dead_tmp_swept (test_matrix_a3.TestMountTmpSweep.test_mount_dirs_dead_tmp_swept)
A3-07：槽的 mount-req／mount-done 裡寫者已死的 `.<名>.tmp.<pid>` 被 tock 清掉，活寫者的不動。 ... ok
test_last_round_fifo (test_matrix_a3.TestNonRegular.test_last_round_fifo)
A3-03：last-round.json 換成 FIFO → tock 退出碼 3、回合不關；round.json 不在時 tick 也退出碼 3（不從 1 重數）；換回後恢復。 ... ok
test_open_round_fifo (test_matrix_a3.TestNonRegular.test_open_round_fifo)
A3-03：開著的 round.json 換成 FIFO → tick／tock 退出碼 3、不從 last-round 接號重開同號回合；換回後照常收、開下一回合。 ... ok
test_slot_fifo_birth_json (test_matrix_a3.TestNonRegular.test_slot_fifo_birth_json)
槽的生命週期檔 name 被換成 FIFO＝不知道：槽 UNKNOWN、tick 不起第二份、tock errors 有它；換回一般檔後恢復。［birth.json］ ... ok
test_slot_fifo_exit_json (test_matrix_a3.TestNonRegular.test_slot_fifo_exit_json)
槽的生命週期檔 name 被換成 FIFO＝不知道：槽 UNKNOWN、tick 不起第二份、tock errors 有它；換回一般檔後恢復。［exit.json］ ... ok
test_slot_fifo_pid_json (test_matrix_a3.TestNonRegular.test_slot_fifo_pid_json)
槽的生命週期檔 name 被換成 FIFO＝不知道：槽 UNKNOWN、tick 不起第二份、tock errors 有它；換回一般檔後恢復。［pid.json］ ... ok
test_closed_round_tock_skips (test_matrix_a3.TestReplayNotify.test_closed_round_tock_skips)
F47：對已關的回合再跑 tock 只回 skipped，不補送、notify_errors 原樣留在 round.json（給要補的模組讀）。 ... ok
test_replay_notify_error_recorded_not_resent (test_matrix_a3.TestReplayNotify.test_replay_notify_error_recorded_not_resent)
A3-08＋F47：重播時 tock.json 寫不進去 → round.json 與回傳都有 notify_errors；恢復後不補送，下一回合正常。 ... ok
test_replay_unjudgeable_slot_recorded (test_matrix_a3.TestReplayNotify.test_replay_unjudgeable_slot_recorded)
A3-08：重播時槽判不出（birth.json 換成 FIFO）→ notify_errors 記著（phase judge），不默默關回合。 ... ok
test_no_wake_keeps_interval (test_matrix_a3.TestWakeFixedInterval.test_no_wake_keeps_interval)
P2-01 對照組：沒送 wake 的回合照 interval 節拍（第 2 回合不早於第 1 回合 tick 後約 interval）。 ... ok
test_wake_mid_round_starts_next_soon (test_matrix_a3.TestWakeFixedInterval.test_wake_mid_round_starts_next_soon)
P2-01：early_tock:false 的 node 回合中送 wake → 馬上 tock（early）、下一回合遠早於 interval 開始，記事件 woke。 ... ok
test_daemon_sweeps_dead_tmp (test_matrix_daemon.TestDaemonMatrix.test_daemon_sweeps_dead_tmp) ... ok
test_owner_pause_files_distinct (test_matrix_daemon.TestDaemonMatrix.test_owner_pause_files_distinct) ... ok
test_register_symlink_refused (test_matrix_daemon.TestDaemonMatrix.test_register_symlink_refused) ... ok
test_rounds_per_owner (test_matrix_daemon.TestDaemonMatrix.test_rounds_per_owner) ... ok
test_symlink_outside_root (test_matrix_daemon.TestDaemonMatrix.test_symlink_outside_root) ... ok
test_symlink_same_inode (test_matrix_daemon.TestDaemonMatrix.test_symlink_same_inode)
〔core〕node 本身換成連回原資料夾的符號連結：lstat 看到連結＝不是資料夾 → missing、收任務（O_NOFOLLOW 擋 tick／tock）。 ... ok
test_wake_not_kept_from_running_to_idle (test_matrix_daemon.TestDaemonMatrix.test_wake_not_kept_from_running_to_idle) ... ok
test_birth_none_half (test_matrix_docs.TestBrokenBirth.test_birth_none_half)
birth 壞 → UNKNOWN：不起、tock errors 有說明；人刪掉 birth.json 後照常起。［half］ ... ok
test_birth_none_list (test_matrix_docs.TestBrokenBirth.test_birth_none_list)
birth 壞 → UNKNOWN：不起、tock errors 有說明；人刪掉 birth.json 後照常起。［list］ ... ok
test_birth_none_run_str (test_matrix_docs.TestBrokenBirth.test_birth_none_run_str)
birth 壞 → UNKNOWN：不起、tock errors 有說明；人刪掉 birth.json 後照常起。［run_str］ ... ok
test_bad_last_round_half (test_matrix_docs.TestLastRoundJson.test_bad_last_round_half)
last-round.json 壞（round.json 是開著的第 2 回合）：tock 重新產生完整總結，不是 replayed；之後開第 3 回合。［half］ ... ok
test_bad_last_round_no_fields (test_matrix_docs.TestLastRoundJson.test_bad_last_round_no_fields)
last-round.json 壞（round.json 是開著的第 2 回合）：tock 重新產生完整總結，不是 replayed；之後開第 3 回合。［no_fields］ ... ok
test_bad_last_round_round_str (test_matrix_docs.TestLastRoundJson.test_bad_last_round_round_str)
last-round.json 壞（round.json 是開著的第 2 回合）：tock 重新產生完整總結，不是 replayed；之後開第 3 回合。［round_str］ ... ok
test_complete_summary_is_replayed (test_matrix_docs.TestLastRoundJson.test_complete_summary_is_replayed)
對照：last-round.json 已是完整的第 N 回合總結（tock 寫完總結就被殺）→ replayed，不重寫。 ... ok
test_ended_once_replay_finish_tock_after_finish (test_matrix_docs.TestLastRoundJson.test_ended_once_replay_finish_tock_after_finish)
T8-06：已結束 once 重播必須收尾；tock-summary＝總結寫完、尚未補 seen_round； ... ok
test_ended_once_replay_finish_tock_seen_round (test_matrix_docs.TestLastRoundJson.test_ended_once_replay_finish_tock_seen_round)
T8-06：已結束 once 重播必須收尾；tock-summary＝總結寫完、尚未補 seen_round； ... ok
test_ended_once_replay_finish_tock_summary (test_matrix_docs.TestLastRoundJson.test_ended_once_replay_finish_tock_summary)
T8-06：已結束 once 重播必須收尾；tock-summary＝總結寫完、尚未補 seen_round； ... ok
test_bad_round_half (test_matrix_docs.TestRoundJson.test_bad_round_half)
round.json 內容壞掉＝不知道回合關了沒：tick／tock 退出碼 3、什麼都不寫；人寫回 open:false 後照常。［half］ ... ok
test_bad_round_list (test_matrix_docs.TestRoundJson.test_bad_round_list)
round.json 內容壞掉＝不知道回合關了沒：tick／tock 退出碼 3、什麼都不寫；人寫回 open:false 後照常。［list］ ... ok
test_bad_round_no_open (test_matrix_docs.TestRoundJson.test_bad_round_no_open)
round.json 內容壞掉＝不知道回合關了沒：tick／tock 退出碼 3、什麼都不寫；人寫回 open:false 後照常。［no_open］ ... ok
test_bad_round_open_str (test_matrix_docs.TestRoundJson.test_bad_round_open_str)
round.json 內容壞掉＝不知道回合關了沒：tick／tock 退出碼 3、什麼都不寫；人寫回 open:false 後照常。［open_str］ ... ok
test_bad_round_round_str (test_matrix_docs.TestRoundJson.test_bad_round_round_str)
round.json 內容壞掉＝不知道回合關了沒：tick／tock 退出碼 3、什麼都不寫；人寫回 open:false 後照常。［round_str］ ... ok
test_both_missing_starts_at_one (test_matrix_docs.TestRoundJson.test_both_missing_starts_at_one) ... ok
test_missing_round_bad_last_round (test_matrix_docs.TestRoundJson.test_missing_round_bad_last_round)
round.json 不存在、last-round.json 壞：推定不了回合數 → tick 3，什麼都不寫。 ... ok
test_open_round_tick_refuses (test_matrix_docs.TestRoundJson.test_open_round_tick_refuses)
round.json 還開著：tick 退出碼 3（說回合還開著）；人寫回 open:false 後開下一回合。 ... ok
test_real_daemon_node_stat_rule_file (test_matrix_faults.TestDaemonStatRuleFile.test_real_daemon_node_stat_rule_file)
真 daemon、`AOS7_TEST_FAULT=@規則檔` 中途開關：命中紀錄檔經環境傳給 daemon，證明 stat 注入真的打中； ... ok
test_node_stat_EACCES (test_matrix_faults.TestDaemonStatUnknown.test_node_stat_EACCES)
daemon 看已登記 node 的 stat 讀不到：時間線保留、不進 missing、不起 reaper，last_error 帶 errno 類型。［EACCES］ ... ok
test_node_stat_EIO (test_matrix_faults.TestDaemonStatUnknown.test_node_stat_EIO)
daemon 看已登記 node 的 stat 讀不到：時間線保留、不進 missing、不起 reaper，last_error 帶 errno 類型。［EIO］ ... ok
test_node_stat_ESTALE (test_matrix_faults.TestDaemonStatUnknown.test_node_stat_ESTALE)
daemon 看已登記 node 的 stat 讀不到：時間線保留、不進 missing、不起 reaper，last_error 帶 errno 類型。［ESTALE］ ... ok
test_last_round_json_EACCES (test_matrix_faults.TestFileUnknown.test_last_round_json_EACCES)
last-round.json 讀不到：tock 3（判斷不了這回合總結寫過沒），回合不關；拿掉後關上第 N 回合。［EACCES］ ... ok
test_last_round_json_EIO (test_matrix_faults.TestFileUnknown.test_last_round_json_EIO)
last-round.json 讀不到：tock 3（判斷不了這回合總結寫過沒），回合不關；拿掉後關上第 N 回合。［EIO］ ... ok
test_last_round_json_ESTALE (test_matrix_faults.TestFileUnknown.test_last_round_json_ESTALE)
last-round.json 讀不到：tock 3（判斷不了這回合總結寫過沒），回合不關；拿掉後關上第 N 回合。［ESTALE］ ... ok
test_last_round_readback_BAD (test_matrix_faults.TestFileUnknown.test_last_round_readback_BAD)
T8-05：第 2 次讀才注入，避開讀舊總結，證明寫後整份讀回失敗時不關回合、不收尾，解除後重播。［BAD］ ... ok
test_last_round_readback_OK_same_round (test_matrix_faults.TestFileUnknown.test_last_round_readback_OK_same_round)
T8-05：第 2 次讀才注入，避開讀舊總結，證明寫後整份讀回失敗時不關回合、不收尾，解除後重播。［OK_same_round］ ... ok
test_last_round_readback_U (test_matrix_faults.TestFileUnknown.test_last_round_readback_U)
T8-05：第 2 次讀才注入，避開讀舊總結，證明寫後整份讀回失敗時不關回合、不收尾，解除後重播。［U］ ... ok
test_listdir_tasks_EACCES (test_matrix_faults.TestFileUnknown.test_listdir_tasks_EACCES)
`.aos/tasks` 列不出來：tick 3、tock 3，什麼都沒寫；拿掉後恢復。［EACCES］ ... ok
test_listdir_tasks_EIO (test_matrix_faults.TestFileUnknown.test_listdir_tasks_EIO)
`.aos/tasks` 列不出來：tick 3、tock 3，什麼都沒寫；拿掉後恢復。［EIO］ ... ok
test_listdir_tasks_ESTALE (test_matrix_faults.TestFileUnknown.test_listdir_tasks_ESTALE)
`.aos/tasks` 列不出來：tick 3、tock 3，什麼都沒寫；拿掉後恢復。［ESTALE］ ... ok
test_round_json_EACCES (test_matrix_faults.TestFileUnknown.test_round_json_EACCES)
round.json 讀不到：tick 3、tock 3，什麼都沒寫；拿掉後回合連續。［EACCES］ ... ok
test_round_json_EIO (test_matrix_faults.TestFileUnknown.test_round_json_EIO)
round.json 讀不到：tick 3、tock 3，什麼都沒寫；拿掉後回合連續。［EIO］ ... ok
test_round_json_ESTALE (test_matrix_faults.TestFileUnknown.test_round_json_ESTALE)
round.json 讀不到：tick 3、tock 3，什麼都沒寫；拿掉後回合連續。［ESTALE］ ... ok
test_slotfile_birth_EACCES (test_matrix_faults.TestFileUnknown.test_slotfile_birth_EACCES)
槽裡的 birth／exit／pid.json 讀不到：UNKNOWN——不起、不判 lost、不刪槽；拿掉後恢復，回合不跳號。［birth_EACCES］ ... ok
test_slotfile_birth_EIO (test_matrix_faults.TestFileUnknown.test_slotfile_birth_EIO)
槽裡的 birth／exit／pid.json 讀不到：UNKNOWN——不起、不判 lost、不刪槽；拿掉後恢復，回合不跳號。［birth_EIO］ ... ok
test_slotfile_birth_ESTALE (test_matrix_faults.TestFileUnknown.test_slotfile_birth_ESTALE)
槽裡的 birth／exit／pid.json 讀不到：UNKNOWN——不起、不判 lost、不刪槽；拿掉後恢復，回合不跳號。［birth_ESTALE］ ... ok
test_slotfile_exit_EACCES (test_matrix_faults.TestFileUnknown.test_slotfile_exit_EACCES)
槽裡的 birth／exit／pid.json 讀不到：UNKNOWN——不起、不判 lost、不刪槽；拿掉後恢復，回合不跳號。［exit_EACCES］ ... ok
test_slotfile_exit_EIO (test_matrix_faults.TestFileUnknown.test_slotfile_exit_EIO)
槽裡的 birth／exit／pid.json 讀不到：UNKNOWN——不起、不判 lost、不刪槽；拿掉後恢復，回合不跳號。［exit_EIO］ ... ok
test_slotfile_exit_ESTALE (test_matrix_faults.TestFileUnknown.test_slotfile_exit_ESTALE)
槽裡的 birth／exit／pid.json 讀不到：UNKNOWN——不起、不判 lost、不刪槽；拿掉後恢復，回合不跳號。［exit_ESTALE］ ... ok
test_slotfile_pid_EACCES (test_matrix_faults.TestFileUnknown.test_slotfile_pid_EACCES)
槽裡的 birth／exit／pid.json 讀不到：UNKNOWN——不起、不判 lost、不刪槽；拿掉後恢復，回合不跳號。［pid_EACCES］ ... ok
test_slotfile_pid_EIO (test_matrix_faults.TestFileUnknown.test_slotfile_pid_EIO)
槽裡的 birth／exit／pid.json 讀不到：UNKNOWN——不起、不判 lost、不刪槽；拿掉後恢復，回合不跳號。［pid_EIO］ ... ok
test_slotfile_pid_ESTALE (test_matrix_faults.TestFileUnknown.test_slotfile_pid_ESTALE)
槽裡的 birth／exit／pid.json 讀不到：UNKNOWN——不起、不判 lost、不刪槽；拿掉後恢復，回合不跳號。［pid_ESTALE］ ... ok
test_birth_unreadable_while_serving (test_matrix_faults.TestMountUnknown.test_birth_unreadable_while_serving) ... ok
test_request_unreadable_kept (test_matrix_faults.TestMountUnknown.test_request_unreadable_kept) ... ok
test_deadboth_proc_environ_EIO (test_matrix_faults.TestProcUnknown.test_deadboth_proc_environ_EIO)
runner 與任務都死了、沒 exit.json：身分掃描讀不到＝UNKNOWN 不寫 lost；拿掉後判 lost 一次。［proc-environ_EIO］ ... ok
test_deadboth_proc_environ_ESTALE (test_matrix_faults.TestProcUnknown.test_deadboth_proc_environ_ESTALE)
runner 與任務都死了、沒 exit.json：身分掃描讀不到＝UNKNOWN 不寫 lost；拿掉後判 lost 一次。［proc-environ_ESTALE］ ... ok
test_deadboth_proc_list_EACCES (test_matrix_faults.TestProcUnknown.test_deadboth_proc_list_EACCES)
runner 與任務都死了、沒 exit.json：身分掃描讀不到＝UNKNOWN 不寫 lost；拿掉後判 lost 一次。［proc-list_EACCES］ ... ok
test_deadboth_proc_list_EIO (test_matrix_faults.TestProcUnknown.test_deadboth_proc_list_EIO)
runner 與任務都死了、沒 exit.json：身分掃描讀不到＝UNKNOWN 不寫 lost；拿掉後判 lost 一次。［proc-list_EIO］ ... ok
test_deadboth_proc_list_ESTALE (test_matrix_faults.TestProcUnknown.test_deadboth_proc_list_ESTALE)
runner 與任務都死了、沒 exit.json：身分掃描讀不到＝UNKNOWN 不寫 lost；拿掉後判 lost 一次。［proc-list_ESTALE］ ... ok
test_deadboth_skip_proc_environ_EACCES (test_matrix_faults.TestProcUnknown.test_deadboth_skip_proc_environ_EACCES)
environ 全部 EACCES＝身分讀不到的程序略過（不是不知道）：任務確實死了 → 照常判 lost 一次、重起一個，不雙開。 ... ok
test_healthy_proc_cmdline_EACCES (test_matrix_faults.TestProcUnknown.test_healthy_proc_cmdline_EACCES)
/proc 讀不到、任務其實健康地活著：不殺、不起、不判 lost；同樣故障下的 kill 控制回 unknown、不殺；拿掉注入自動回正。［proc-cmdline_EACCES］ ... ok
test_healthy_proc_cmdline_EIO (test_matrix_faults.TestProcUnknown.test_healthy_proc_cmdline_EIO)
/proc 讀不到、任務其實健康地活著：不殺、不起、不判 lost；同樣故障下的 kill 控制回 unknown、不殺；拿掉注入自動回正。［proc-cmdline_EIO］ ... ok
test_healthy_proc_cmdline_ESTALE (test_matrix_faults.TestProcUnknown.test_healthy_proc_cmdline_ESTALE)
/proc 讀不到、任務其實健康地活著：不殺、不起、不判 lost；同樣故障下的 kill 控制回 unknown、不殺；拿掉注入自動回正。［proc-cmdline_ESTALE］ ... ok
test_healthy_proc_environ_EACCES (test_matrix_faults.TestProcUnknown.test_healthy_proc_environ_EACCES)
/proc 讀不到、任務其實健康地活著：不殺、不起、不判 lost；同樣故障下的 kill 控制回 unknown、不殺；拿掉注入自動回正。［proc-environ_EACCES］ ... ok
test_healthy_proc_environ_EIO (test_matrix_faults.TestProcUnknown.test_healthy_proc_environ_EIO)
/proc 讀不到、任務其實健康地活著：不殺、不起、不判 lost；同樣故障下的 kill 控制回 unknown、不殺；拿掉注入自動回正。［proc-environ_EIO］ ... ok
test_healthy_proc_environ_ESTALE (test_matrix_faults.TestProcUnknown.test_healthy_proc_environ_ESTALE)
/proc 讀不到、任務其實健康地活著：不殺、不起、不判 lost；同樣故障下的 kill 控制回 unknown、不殺；拿掉注入自動回正。［proc-environ_ESTALE］ ... ok
test_healthy_proc_list_EACCES (test_matrix_faults.TestProcUnknown.test_healthy_proc_list_EACCES)
/proc 讀不到、任務其實健康地活著：不殺、不起、不判 lost；同樣故障下的 kill 控制回 unknown、不殺；拿掉注入自動回正。［proc-list_EACCES］ ... ok
test_healthy_proc_list_EIO (test_matrix_faults.TestProcUnknown.test_healthy_proc_list_EIO)
/proc 讀不到、任務其實健康地活著：不殺、不起、不判 lost；同樣故障下的 kill 控制回 unknown、不殺；拿掉注入自動回正。［proc-list_EIO］ ... ok
test_healthy_proc_list_ESTALE (test_matrix_faults.TestProcUnknown.test_healthy_proc_list_ESTALE)
/proc 讀不到、任務其實健康地活著：不殺、不起、不判 lost；同樣故障下的 kill 控制回 unknown、不殺；拿掉注入自動回正。［proc-list_ESTALE］ ... ok
test_healthy_proc_stat_EACCES (test_matrix_faults.TestProcUnknown.test_healthy_proc_stat_EACCES)
/proc 讀不到、任務其實健康地活著：不殺、不起、不判 lost；同樣故障下的 kill 控制回 unknown、不殺；拿掉注入自動回正。［proc-stat_EACCES］ ... ok
test_healthy_proc_stat_EIO (test_matrix_faults.TestProcUnknown.test_healthy_proc_stat_EIO)
/proc 讀不到、任務其實健康地活著：不殺、不起、不判 lost；同樣故障下的 kill 控制回 unknown、不殺；拿掉注入自動回正。［proc-stat_EIO］ ... ok
test_healthy_proc_stat_ESTALE (test_matrix_faults.TestProcUnknown.test_healthy_proc_stat_ESTALE)
/proc 讀不到、任務其實健康地活著：不殺、不起、不判 lost；同樣故障下的 kill 控制回 unknown、不殺；拿掉注入自動回正。［proc-stat_ESTALE］ ... ok
test_kill_identity_incomplete_scan (test_matrix_faults.TestProcUnknown.test_kill_identity_incomplete_scan)
掃描不完整：env_procs 丟 Unknown、kill_identity 回 (False, 說明)，不殺。 ... ok
test_orphan_proc_cmdline_EACCES (test_matrix_faults.TestProcUnknown.test_orphan_proc_cmdline_EACCES)
runner 在 pid.json 前被殺、任務還活：要身分掃描才能判 lost；掃描讀不到＝UNKNOWN，拿掉後才判 lost，只報一次。［proc-cmdline_EACCES］ ... ok
test_orphan_proc_cmdline_EIO (test_matrix_faults.TestProcUnknown.test_orphan_proc_cmdline_EIO)
runner 在 pid.json 前被殺、任務還活：要身分掃描才能判 lost；掃描讀不到＝UNKNOWN，拿掉後才判 lost，只報一次。［proc-cmdline_EIO］ ... ok
test_orphan_proc_cmdline_ESTALE (test_matrix_faults.TestProcUnknown.test_orphan_proc_cmdline_ESTALE)
runner 在 pid.json 前被殺、任務還活：要身分掃描才能判 lost；掃描讀不到＝UNKNOWN，拿掉後才判 lost，只報一次。［proc-cmdline_ESTALE］ ... ok
test_orphan_proc_environ_EIO (test_matrix_faults.TestProcUnknown.test_orphan_proc_environ_EIO)
runner 在 pid.json 前被殺、任務還活：要身分掃描才能判 lost；掃描讀不到＝UNKNOWN，拿掉後才判 lost，只報一次。［proc-environ_EIO］ ... ok
test_orphan_proc_environ_ESTALE (test_matrix_faults.TestProcUnknown.test_orphan_proc_environ_ESTALE)
runner 在 pid.json 前被殺、任務還活：要身分掃描才能判 lost；掃描讀不到＝UNKNOWN，拿掉後才判 lost，只報一次。［proc-environ_ESTALE］ ... ok
test_orphan_proc_list_EACCES (test_matrix_faults.TestProcUnknown.test_orphan_proc_list_EACCES)
runner 在 pid.json 前被殺、任務還活：要身分掃描才能判 lost；掃描讀不到＝UNKNOWN，拿掉後才判 lost，只報一次。［proc-list_EACCES］ ... ok
test_orphan_proc_list_EIO (test_matrix_faults.TestProcUnknown.test_orphan_proc_list_EIO)
runner 在 pid.json 前被殺、任務還活：要身分掃描才能判 lost；掃描讀不到＝UNKNOWN，拿掉後才判 lost，只報一次。［proc-list_EIO］ ... ok
test_orphan_proc_list_ESTALE (test_matrix_faults.TestProcUnknown.test_orphan_proc_list_ESTALE)
runner 在 pid.json 前被殺、任務還活：要身分掃描才能判 lost；掃描讀不到＝UNKNOWN，拿掉後才判 lost，只報一次。［proc-list_ESTALE］ ... ok
test_orphan_proc_stat_EACCES (test_matrix_faults.TestProcUnknown.test_orphan_proc_stat_EACCES)
runner 在 pid.json 前被殺、任務還活：要身分掃描才能判 lost；掃描讀不到＝UNKNOWN，拿掉後才判 lost，只報一次。［proc-stat_EACCES］ ... ok
test_orphan_proc_stat_EIO (test_matrix_faults.TestProcUnknown.test_orphan_proc_stat_EIO)
runner 在 pid.json 前被殺、任務還活：要身分掃描才能判 lost；掃描讀不到＝UNKNOWN，拿掉後才判 lost，只報一次。［proc-stat_EIO］ ... ok
test_orphan_proc_stat_ESTALE (test_matrix_faults.TestProcUnknown.test_orphan_proc_stat_ESTALE)
runner 在 pid.json 前被殺、任務還活：要身分掃描才能判 lost；掃描讀不到＝UNKNOWN，拿掉後才判 lost，只報一次。［proc-stat_ESTALE］ ... ok
test_symlink_node_self (test_matrix_misc.TestSymlinkInProcess.test_symlink_node_self)
node 本身是符號連結（指到 root 外）：tick／tock 回 gone，連結目標裡沒被建 `.aos`。［self］ ... ok
test_crash_before_rename_leaves_nothing (test_matrix_misc.TestTmpSweep.test_crash_before_rename_leaves_nothing) ... ok
test_dead_writer_tmp_cleared_live_kept (test_matrix_misc.TestTmpSweep.test_dead_writer_tmp_cleared_live_kept) ... ok
test_last_round_written_before_tock_json (test_matrix_misc.TestTockOrder.test_last_round_written_before_tock_json) ... ok
test_keep_after_birth (test_matrix_once.TestLaunchCrash.test_keep_after_birth)
keep 任務的起動交接在 point 被 SIGKILL：任何檢查點同槽活程序 ≤ 1，恢復後剛好一個活的。［after-birth］ ... ok
test_keep_after_launch (test_matrix_once.TestLaunchCrash.test_keep_after_launch)
keep 任務的起動交接在 point 被 SIGKILL：任何檢查點同槽活程序 ≤ 1，恢復後剛好一個活的。［after-launch］ ... ok
test_keep_after_once_delete (test_matrix_once.TestLaunchCrash.test_keep_after_once_delete)
keep 任務的起動交接在 point 被 SIGKILL：任何檢查點同槽活程序 ≤ 1，恢復後剛好一個活的。［after-once-delete］ ... ok
test_keep_after_popen (test_matrix_once.TestLaunchCrash.test_keep_after_popen)
keep 任務的起動交接在 point 被 SIGKILL：任何檢查點同槽活程序 ≤ 1，恢復後剛好一個活的。［after-popen］ ... ok
test_keep_after_runner (test_matrix_once.TestLaunchCrash.test_keep_after_runner)
keep 任務的起動交接在 point 被 SIGKILL：任何檢查點同槽活程序 ≤ 1，恢復後剛好一個活的。［after-runner］ ... ok
test_keep_before_launch (test_matrix_once.TestLaunchCrash.test_keep_before_launch)
keep 任務的起動交接在 point 被 SIGKILL：任何檢查點同槽活程序 ≤ 1，恢復後剛好一個活的。［before-launch］ ... ok
test_keep_before_once_delete (test_matrix_once.TestLaunchCrash.test_keep_before_once_delete)
keep 任務的起動交接在 point 被 SIGKILL：任何檢查點同槽活程序 ≤ 1，恢復後剛好一個活的。［before-once-delete］ ... ok
test_keep_runner_before_exit (test_matrix_once.TestLaunchCrash.test_keep_runner_before_exit)
keep 任務的起動交接在 point 被 SIGKILL：任何檢查點同槽活程序 ≤ 1，恢復後剛好一個活的。［runner-before-exit］ ... ok
test_keep_runner_before_pid (test_matrix_once.TestLaunchCrash.test_keep_runner_before_pid)
keep 任務的起動交接在 point 被 SIGKILL：任何檢查點同槽活程序 ≤ 1，恢復後剛好一個活的。［runner-before-pid］ ... ok
test_once_after_birth (test_matrix_once.TestLaunchCrash.test_once_after_birth)
once 任務的起動交接在 point 被 SIGKILL：不重起、不漏起（after-birth 例外：0 次、報一次 lost）。［after-birth］ ... ok
test_once_after_launch (test_matrix_once.TestLaunchCrash.test_once_after_launch)
once 任務的起動交接在 point 被 SIGKILL：不重起、不漏起（after-birth 例外：0 次、報一次 lost）。［after-launch］ ... ok
test_once_after_once_delete (test_matrix_once.TestLaunchCrash.test_once_after_once_delete)
once 任務的起動交接在 point 被 SIGKILL：不重起、不漏起（after-birth 例外：0 次、報一次 lost）。［after-once-delete］ ... ok
test_once_after_popen (test_matrix_once.TestLaunchCrash.test_once_after_popen)
once 任務的起動交接在 point 被 SIGKILL：不重起、不漏起（after-birth 例外：0 次、報一次 lost）。［after-popen］ ... ok
test_once_after_runner (test_matrix_once.TestLaunchCrash.test_once_after_runner)
once 任務的起動交接在 point 被 SIGKILL：不重起、不漏起（after-birth 例外：0 次、報一次 lost）。［after-runner］ ... ok
test_once_before_launch (test_matrix_once.TestLaunchCrash.test_once_before_launch)
once 任務的起動交接在 point 被 SIGKILL：不重起、不漏起（after-birth 例外：0 次、報一次 lost）。［before-launch］ ... ok
test_once_before_once_delete (test_matrix_once.TestLaunchCrash.test_once_before_once_delete)
once 任務的起動交接在 point 被 SIGKILL：不重起、不漏起（after-birth 例外：0 次、報一次 lost）。［before-once-delete］ ... ok
test_once_runner_before_exit (test_matrix_once.TestLaunchCrash.test_once_runner_before_exit)
once 任務的起動交接在 point 被 SIGKILL：不重起、不漏起（after-birth 例外：0 次、報一次 lost）。［runner-before-exit］ ... ok
test_once_runner_before_pid (test_matrix_once.TestLaunchCrash.test_once_runner_before_pid)
once 任務的起動交接在 point 被 SIGKILL：不重起、不漏起（after-birth 例外：0 次、報一次 lost）。［runner-before-pid］ ... ok
test_a8_07_mount_dyn_crash_after_symlink (test_mount_dyn.TestMountDyn.test_a8_07_mount_dyn_crash_after_symlink)
A8-07：建連結後、寫 birth 前被殺，收回合後重審同一請求成功。 ... ok
test_r8_07_fact_fstat_eio_closes_fd (test_mount_dyn.TestMountDyn.test_r8_07_fact_fstat_eio_closes_fd)
R8-07：連續 50 次 fstat EIO 都回 U，開過的 fd 不洩漏。 ... ok
test_r8_09_mount_dyn_retry_failed_birth (test_mount_dyn.TestMountDyn.test_r8_09_mount_dyn_retry_failed_birth)
R8-09：同名同目標的失敗紀錄不算已掛，動態重試補建連結並換成 at＋dyn。 ... ok
test_r8_28_ref_at_null_is_type_mismatch (test_mount_dyn.TestMountDyn.test_r8_28_ref_at_null_is_type_mismatch)
R8-28：$at 明寫 null 必須拒絕，不能當成省略而取整份文件。 ... ok
test_r8_28_ref_non_ascii_array_index (test_mount_dyn.TestMountDyn.test_r8_28_ref_non_ascii_array_index)
R8-28：非 ASCII 數字索引一律是 ReferencePointerInvalid，不外洩 ValueError。 ... ok
test_crash_after_birth (test_once_threestate.TestOnceCrash.test_crash_after_birth)
birth.json 寫了、runner 沒起（或起了沒記到）：不重起，判 lost 報出來，不會無痕消失。 ... ok
test_crash_after_launch_marker (test_once_threestate.TestOnceCrash.test_crash_after_launch_marker) ... ok
test_crash_after_popen (test_once_threestate.TestOnceCrash.test_crash_after_popen) ... ok
test_crash_before_item_delete (test_once_threestate.TestOnceCrash.test_crash_before_item_delete) ... ok
test_crash_between_birth_and_item_delete (test_once_threestate.TestOnceCrash.test_crash_between_birth_and_item_delete)
線頭 1（spec §4.4 保證 (a)）：birth 寫好、移項前被殺 → 表上那項帶 launch、槽的 birth 是同一個 run； ... ok
test_gang_crash_mid_batch (test_once_threestate.TestOnceCrash.test_gang_crash_mid_batch)
五項 once 起到第一個就被殺（after-popen）：其他四項有標記沒 birth → 照常起；每項剛好一次（N-86）。 ... ok
test_n86_crash_before_delete_disable_then_enable (test_once_threestate.TestOnceCrash.test_n86_crash_before_delete_disable_then_enable)
N-86：移項前被殺後停用兩回合再啟用，同名 keep 重用槽也不能讓 once 再跑。 ... ok
test_n86_crash_before_delete_postpone_from_round (test_once_threestate.TestOnceCrash.test_n86_crash_before_delete_postpone_from_round)
N-86：移項前被殺後推遲 from_round，同名 keep 重用槽也不能讓 once 再跑。 ... ok
test_unreadable_birth_keeps_once_item (test_once_threestate.TestOnceCrash.test_unreadable_birth_keeps_once_item) ... ok
test_birth_unreadable_no_start_no_lost_no_delete (test_once_threestate.TestThreeState.test_birth_unreadable_no_start_no_lost_no_delete) ... ok
test_broken_round_and_no_last_round_is_unknown (test_once_threestate.TestThreeState.test_broken_round_and_no_last_round_is_unknown) ... ok
test_broken_round_json_is_unknown_even_with_last_round (test_once_threestate.TestThreeState.test_broken_round_json_is_unknown_even_with_last_round)
A2-02：round.json 壞了＝不知道上一回合關了沒，即使 last-round.json 能用也不接著數（會覆蓋還開著的同號回合）。 ... ok
test_fact_states (test_once_threestate.TestThreeState.test_fact_states)
單一讀檔入口 fact：不存在＝N、壞 JSON＝BAD、讀不到＝U；存在但不是一般檔（FIFO、資料夾）一律＝U（頂層定案 3）。 ... ok
test_pid_reused_is_gone (test_once_threestate.TestThreeState.test_pid_reused_is_gone)
starttime 對不上（pid 被重用）＝確定不在。 ... ok
test_round_json_unreadable_tick_tock_do_nothing (test_once_threestate.TestThreeState.test_round_json_unreadable_tick_tock_do_nothing) ... ok
test_starttime_unreadable_counts_as_alive (test_once_threestate.TestThreeState.test_starttime_unreadable_counts_as_alive)
starttime 讀不到＝不知道 → 當活：不判 lost、keep 不雙開（K-05）。用同程序的 tick／tock mock 掉 starttime。 ... ok
test_tasks_dir_unlistable_no_start (test_once_threestate.TestThreeState.test_tasks_dir_unlistable_no_start) ... ok
test_each_stops_after_until_round (test_options_a3.TestUntilRound.test_each_stops_after_until_round)
until_round：each 任務 until_round=2 → 第 1、2 回合起，第 3 回合起不再起；項目留在表上。 ... ok
test_keep_running_not_killed (test_options_a3.TestUntilRound.test_keep_running_not_killed)
until_round：keep 的 run 過了 until_round 不被殺；它自己結束後不再起新 run。 ... ok
test_until_round_bad_type_skipped (test_options_a3.TestUntilRound.test_until_round_bad_type_skipped)
until_round 型別錯（負數、字串、bool）→ 只跳過該項、記 tasks_error；until_round=0 合法（一次都不起）；好項照起。 ... ok
test_gone_node_not_recreated (test_tick_tock.TestGone.test_gone_node_not_recreated) ... ok
test_unregistered_but_existing_dir_works_by_hand (test_tick_tock.TestGone.test_unregistered_but_existing_dir_works_by_hand) ... ok
test_argv_and_inst_exclusive (test_tick_tock.TestInst.test_argv_and_inst_exclusive) ... ok
test_inst_task (test_tick_tock.TestInst.test_inst_task) ... ok
test_disabled_keeps_slot_and_state (test_tick_tock.TestModes.test_disabled_keeps_slot_and_state) ... ok
test_each_max_live_slots (test_tick_tock.TestModes.test_each_max_live_slots) ... ok
test_each_skips_while_previous_still_running (test_tick_tock.TestModes.test_each_skips_while_previous_still_running) ... ok
test_from_round_and_enabled (test_tick_tock.TestModes.test_from_round_and_enabled) ... ok
test_keep_does_not_double_start (test_tick_tock.TestModes.test_keep_does_not_double_start) ... ok
test_keep_fills_all_slots_and_restarts_ended (test_tick_tock.TestModes.test_keep_fills_all_slots_and_restarts_ended) ... ok
test_batch_once_same_round (test_tick_tock.TestOnce.test_batch_once_same_round) ... ok
test_once_from_round (test_tick_tock.TestOnce.test_once_from_round) ... ok
test_once_in_busy_slot_waits (test_tick_tock.TestOnce.test_once_in_busy_slot_waits) ... ok
test_once_runs_once_and_item_removed (test_tick_tock.TestOnce.test_once_runs_once_and_item_removed) ... ok
test_200_rounds_file_count_constant (test_tick_tock.TestOnlyLastKept.test_200_rounds_file_count_constant)
槽重用：同名跑 200 回合，`.aos` 底下的檔案數維持常數（核心只留上一次）。 ... ok
test_ended_after_tock_then_reused_still_reported (test_tick_tock.TestOnlyLastKept.test_ended_after_tock_then_reused_still_reported)
上一個 run 在 tock 之後才結束、下一個 tick 就重用槽：清掉前記進 round.json，tock 照樣報（P2-03）。 ... ok
test_live_slot_of_removed_name_kept (test_tick_tock.TestSlotRemoval.test_live_slot_of_removed_name_kept) ... ok
test_once_slot_deleted_after_report (test_tick_tock.TestSlotRemoval.test_once_slot_deleted_after_report) ... ok
test_removed_name_slot_deleted_one_round_after_report (test_tick_tock.TestSlotRemoval.test_removed_name_slot_deleted_one_round_after_report) ... ok
test_shrunk_max_live_slot_deleted (test_tick_tock.TestSlotRemoval.test_shrunk_max_live_slot_deleted) ... ok
test_unreadable_table_deletes_nothing (test_tick_tock.TestSlotRemoval.test_unreadable_table_deletes_nothing) ... ok
test_bad_field_types_skip_only_that_item (test_tick_tock.TestSlotsAndRuns.test_bad_field_types_skip_only_that_item) ... ok
test_bad_names_skipped_not_mangled (test_tick_tock.TestSlotsAndRuns.test_bad_names_skipped_not_mangled) ... ok
test_infra_files_cleared_task_files_kept (test_tick_tock.TestSlotsAndRuns.test_infra_files_cleared_task_files_kept) ... ok
test_run_is_round_and_increases (test_tick_tock.TestSlotsAndRuns.test_run_is_round_and_increases) ... ok
test_stale_infra_of_other_run_ignored (test_tick_tock.TestSlotsAndRuns.test_stale_infra_of_other_run_ignored) ... ok
test_task_env_and_tock_json (test_tick_tock.TestSlotsAndRuns.test_task_env_and_tock_json) ... ok
test_tick_starts_in_slot_and_does_not_wait (test_tick_tock.TestSlotsAndRuns.test_tick_starts_in_slot_and_does_not_wait) ... ok
test_timeline_json_optional (test_tick_tock.TestSlotsAndRuns.test_timeline_json_optional) ... ok
test_unreadable_tasks_json_is_empty_table (test_tick_tock.TestSlotsAndRuns.test_unreadable_tasks_json_is_empty_table) ... ok
test_backoff_clears_wake_and_caps_exponent (test_timeline_rounds.TestTimelineRounds.test_backoff_clears_wake_and_caps_exponent) ... ok
test_unknown_after_tock_counts_once (test_timeline_rounds.TestTimelineRounds.test_unknown_after_tock_counts_once) ... ok
test_allow_dynamic_realpath_and_absolute_entries (test_audit_allow_threads.TestAuditAllow.test_allow_dynamic_realpath_and_absolute_entries) ... ok
test_allow_outside_node_is_ignored (test_audit_allow_threads.TestAuditAllow.test_allow_outside_node_is_ignored) ... ok
test_audit_wraps_subd_writes (test_audit_allow_threads.TestAuditAllow.test_audit_wraps_subd_writes) ... ok
test_nested_without_allow_is_false (test_audit_allow_threads.TestAuditAllow.test_nested_without_allow_is_false) ... ok
test_all_thread_writes_recorded (test_audit_allow_threads.TestAuditThreads.test_all_thread_writes_recorded) ... ok
test_nested_registered_while_running (test_audit_wrapper.TestAuditRegistration.test_nested_registered_while_running) ... ok
test_wrapped_python_task_writes_recorded (test_audit_wrapper.TestAuditWrapper.test_wrapped_python_task_writes_recorded) ... ok
test_cli_restart_auto_id_and_resend (test_control.TestReqId.test_cli_restart_auto_id_and_resend)
`aos7-ctl task <槽> restart` 每次自動帶新的 req_id，兩次都生效；`--id` 沿用原 id 重送＝once 不重加。 ... ok
test_concurrent_same_req_id_snapshot (test_control.TestReqId.test_concurrent_same_req_id_snapshot)
A4-02：A 讀完 run 1 的 birth、停在拿表鎖前；B 用同一個 req_id 做完重起（run 2 的 birth 帶它）；A 恢復 ... ok
test_same_prefix_req_ids_distinct (test_control.TestReqId.test_same_prefix_req_ids_distinct) ... ok
test_two_slots_same_req_id (test_control.TestReqId.test_two_slots_same_req_id) ... ok
test_reload_refused_without_kill (test_control.TestRestart.test_reload_refused_without_kill) ... ok
test_restart_carries_dynamic_mounts (test_control.TestRestart.test_restart_carries_dynamic_mounts)
執行中加掛的掛載，restart 照 birth 抄進新 once 項的 mounts 宣告，新 run 照樣有。 ... ok
test_restart_receipt_survives_new_run (test_control.TestRestart.test_restart_receipt_survives_new_run)
kill 的回條換 run 不清（P2-04）：重起的新 run 起來之後，請求端照樣讀得到 `result.run` 是舊的那次。 ... ok
test_restart_reload_takes_new_definition (test_control.TestRestart.test_restart_reload_takes_new_definition) ... ok
test_restart_same_slot_new_run_keeps_state (test_control.TestRestart.test_restart_same_slot_new_run_keeps_state) ... ok
test_restart_with_bad_table_does_not_kill (test_control.TestRestart.test_restart_with_bad_table_does_not_kill)
G1：要先加 once 項，表壞掉＝加不進去 → ok:false、不寫 kill、表原封不動。 ... ok
test_restart_keep_requester_after_append (test_control.TestRestartCrash.test_restart_keep_requester_after_append)
活著的 keep 被 restart：任何檢查點同槽活程序 ≤ 1；重起只發生一次；新 birth 帶 x.restart_of。［requester-after-append］ ... ok
test_restart_keep_tick_ctl_after_done (test_control.TestRestartCrash.test_restart_keep_tick_ctl_after_done)
活著的 keep 被 restart：任何檢查點同槽活程序 ≤ 1；重起只發生一次；新 birth 帶 x.restart_of。［tick-ctl-after-done］ ... ok
test_restart_keep_tock_ctl_after_done (test_control.TestRestartCrash.test_restart_keep_tock_ctl_after_done)
活著的 keep 被 restart：任何檢查點同槽活程序 ≤ 1；重起只發生一次；新 birth 帶 x.restart_of。［tock-ctl-after-done］ ... ok
test_restart_once_requester_after_append (test_control.TestRestartCrash.test_restart_once_requester_after_append)
跑完的 once 被 restart：恢復後只重起一次（執行紀錄兩次），表上最後沒有殘項。［requester-after-append］ ... ok
test_restart_once_tick_ctl_after_done (test_control.TestRestartCrash.test_restart_once_tick_ctl_after_done)
跑完的 once 被 restart：恢復後只重起一次（執行紀錄兩次），表上最後沒有殘項。［tick-ctl-after-done］ ... ok
test_restart_once_tock_ctl_after_done (test_control.TestRestartCrash.test_restart_once_tock_ctl_after_done)
跑完的 once 被 restart：恢復後只重起一次（執行紀錄兩次），表上最後沒有殘項。［tock-ctl-after-done］ ... ok
test_diag_is_read_only (test_diag.TestDiag.test_diag_is_read_only)
跑 diag 前後空間裡的檔案（名字、大小、mtime、內容）完全不變。 ... ok
test_timeline_err_keeps_kind_prefix (test_diag.TestDiag.test_timeline_err_keeps_kind_prefix)
時間線的長錯誤（hold 格式）保留開頭、≤ 320 字、kind 分欄；diag 照抄並對到恢復步驟（找持鎖者、不要 unlink 鎖檔）。 ... ok
test_unsure_listed (test_diag.TestDiag.test_unsure_listed)
starttime 讀不到的任務：tock 總結的 errors 留 unsure（核心），diag 按需重算也列在 uncertain、給恢復步驟。 ... ok
test_old_field_rejected (test_once_retry.TestRetryLost.test_old_field_rejected)
舊的頂層 `retry_lost` 欄：核心跳過該項、tasks_error 指到這個包。 ... ok
test_pending_dropped_when_birth_missing (test_once_retry.TestRetryLost.test_pending_dropped_when_birth_missing)
R8-26：槽證據確定已消失，不再加回或留下 pending。 ... ok
test_pending_dropped_when_retry_lost_withdrawn (test_once_retry.TestRetryLost.test_pending_dropped_when_retry_lost_withdrawn)
R8-26：同 run 的 retry_lost 已撤回，舊候選不能加回。 ... ok
test_pending_dropped_when_slot_reused_by_keep (test_once_retry.TestRetryLost.test_pending_dropped_when_slot_reused_by_keep)
R8-26：表壞掉留下 pending 後，同名 keep 真的重用槽，不能拿舊 birth 加回 once。 ... retry_lost: o#1 沒加回（tasks.json tasks.json 不是 JSON（半寫或寫壞），不知道原本有什麼，沒寫），下一次再試
ok
test_pending_retained_when_birth_unreadable (test_once_retry.TestRetryLost.test_pending_retained_when_birth_unreadable)
R8-26：表鎖內讀到 birth 壞掉時保留 pending，修回後仍能加回。 ... retry_lost: o#1 沒加回（birth.json birth.json 不是 JSON（半寫或寫壞），不知道槽是否已重用，沒加），下一次再試
retry_lost: o#1 沒加回（birth.json 內容不合，不知道槽是否已重用，沒加），下一次再試
ok
test_retry_lost_default_at_most_once (test_once_retry.TestRetryLost.test_retry_lost_default_at_most_once)
不帶 x.retry_lost：模組照跑也不加回，維持最多一次：0 次、報一次 lost。 ... ok
test_retry_lost_true_runs_once (test_once_retry.TestRetryLost.test_retry_lost_true_runs_once)
x.retry_lost:true 的 once 從沒起來過 → 模組加回、同槽新 run 跑一次（副作用 1 次）；ended 的 lost 帶 never_started。 ... ok
test_retry_lost_value_false (test_once_retry.TestRetryLost.test_retry_lost_value_false)
T8-08：先有真正的 lost，再驗證只有布林 true 才產生候選並執行一次。［false］ ... ok
test_retry_lost_value_integer (test_once_retry.TestRetryLost.test_retry_lost_value_integer)
T8-08：先有真正的 lost，再驗證只有布林 true 才產生候選並執行一次。［integer］ ... ok
test_retry_lost_value_null (test_once_retry.TestRetryLost.test_retry_lost_value_null)
T8-08：先有真正的 lost，再驗證只有布林 true 才產生候選並執行一次。［null］ ... ok
test_retry_lost_value_string (test_once_retry.TestRetryLost.test_retry_lost_value_string)
T8-08：先有真正的 lost，再驗證只有布林 true 才產生候選並執行一次。［string］ ... ok
test_retry_lost_value_true (test_once_retry.TestRetryLost.test_retry_lost_value_true)
T8-08：先有真正的 lost，再驗證只有布林 true 才產生候選並執行一次。［true］ ... ok
test_module_as_keep_task (test_once_retry.TestRetryLostTask.test_module_as_keep_task) ... ok
test_killed_before_argv_while_reattaching (test_subd_keep.TestReattachInterrupted.test_killed_before_argv_while_reattaching) ... ok
test_ctl_error_without_allow_stop_still_reaps (test_subd_keep.TestReceiptLost.test_ctl_error_without_allow_stop_still_reaps)
沒 --allow-stop 的代不可能有被允許的 stop：本代有 last_ctl_error、status stopped（父 kill 收完）也照收。 ... ok
test_receipt_lost_and_commit_killed (test_subd_keep.TestReceiptLost.test_receipt_lost_and_commit_killed)
收尾提交前包被 SIGKILL（記錄還是 running）：下一次起包用同一個判定補完、不回收。 ... ok
test_receipt_lost_keeps_tasks (test_subd_keep.TestReceiptLost.test_receipt_lost_keeps_tasks)
包活著看到收尾：照被允許的 stop 提交；再起被擋、任務不收；刪掉 stopped.json 再起照核心接回。 ... ok
test_prev_not_nested (test_subd_keep.TestRecoveringRecord.test_prev_not_nested) ... ok
test_three_levels_keep_environment_and_cleanup (test_subd_ownership.TestNestedSubroot.test_three_levels_keep_environment_and_cleanup)
N-66：每層包只給自己的 argv 子根，孫任務不繼承包的 AOS7_*。 ... ok
test_allow_stop_writes_stopped_and_parent_does_not_restart (test_subd_ownership.TestOwnership.test_allow_stop_writes_stopped_and_parent_does_not_restart)
允許的 stop：包裝程式寫 stopped.json；父 keep 再起它時包裝程式退出碼 1（總結 ended 看得到）、子 daemon 沒起； ... ok
test_manual_restart_keeps_owner_block (test_subd_ownership.TestOwnership.test_manual_restart_keeps_owner_block)
人手直接起 aos7-daemon（繞過包裝）：守門檔與 owner 塊照舊留著（核心不碰它們），stopped.json 也留著 ... ok
test_owner_blocks_and_stop_refused (test_subd_ownership.TestOwnership.test_owner_blocks_and_stop_refused) ... ok
test_parent_kill_takes_child_tasks (test_subd_ownership.TestOwnership.test_parent_kill_takes_child_tasks) ... ok
test_alias_registered_node_inside_subroot (test_subd_ownership.TestSubrootChecks.test_alias_registered_node_inside_subroot) ... ok
test_alias_subroot_encloses_registered_node (test_subd_ownership.TestSubrootChecks.test_alias_subroot_encloses_registered_node) ... ok
test_alias_subroot_equals_registered_node (test_subd_ownership.TestSubrootChecks.test_alias_subroot_equals_registered_node) ... ok
test_subroot_rules (test_subd_ownership.TestSubrootChecks.test_subroot_rules) ... ok
test_killed_after_marker_before_life (test_subd_recover.TestAllowedStopInterrupted.test_killed_after_marker_before_life)
stopped.json 寫了、生命週期還沒寫：先被 stopped.json 擋（順手補完生命週期），刪掉再起就接回。 ... ok
test_killed_before_marker (test_subd_recover.TestAllowedStopInterrupted.test_killed_before_marker)
status 已 stopped、stopped.json 還沒寫。 ... ok
test_killed_before_marker_rename (test_subd_recover.TestAllowedStopInterrupted.test_killed_before_marker_rename)
stopped.json 的暫存檔寫了、還沒 rename。 ... ok
test_old_stop_receipt_then_parent_kill_reaps (test_subd_recover.TestAllowedStopInterrupted.test_old_stop_receipt_then_parent_kill_reaps)
上一代被允許的 stop 留下的回條（早於本代 since）不算：本代被父 kill 照收。 ... ok
test_parent_kill_with_allow_stop_reaps (test_subd_recover.TestAllowedStopInterrupted.test_parent_kill_with_allow_stop_reaps)
父 kill（SIGTERM＝stop＋kill，不留回條）：子根 status 也是 stopped，但不是被允許的 stop——照收、不寫 stopped.json。 ... ok
test_unknown_status_neither_reaps_nor_starts (test_subd_recover.TestAllowedStopInterrupted.test_unknown_status_neither_reaps_nor_starts)
窗口中斷後子根 status.json 讀不到＝不知道是不是被允許的 stop：退出碼 1、不收、不起、記錄不動；讀得到了照常補完。 ... ok
test_allowed_stop_without_kill_keeps_tasks (test_subd_recover.TestBoundary.test_allowed_stop_without_kill_keeps_tasks)
被允許的 stop（不帶 kill）留下的任務是擁有者要留的：刪掉 stopped.json 再起時不回收，照核心接回。 ... ok
test_sibling_and_current_gen_untouched (test_subd_recover.TestBoundary.test_sibling_and_current_gen_untouched) ... ok
test_killed_after_reaped_before_new_gen (test_subd_recover.TestInterrupted.test_killed_after_reaped_before_new_gen) ... ok
test_killed_before_argv (test_subd_recover.TestInterrupted.test_killed_before_argv) ... ok
test_killed_while_reaping (test_subd_recover.TestInterrupted.test_killed_while_reaping) ... ok
test_paused_node_reaped_and_stays_paused (test_subd_recover.TestParentKill.test_paused_node_reaped_and_stays_paused)
子空間的 n1 被 pause：照環境身分收，不必 resume；pause 留著（包不改 pause）。 ... ok
test_reaped_before_new_daemon (test_subd_recover.TestParentKill.test_reaped_before_new_daemon) ... ok
test_partial_reap_is_rejected_before_resume (test_subd_recover.TestRecoveryAssertions.test_partial_reap_is_rejected_before_resume)
T8-03：三個只死一個，必須在第三代補收之前就報錯。 ... ok
test_bad_record_does_not_start (test_subd_recover.TestUnknown.test_bad_record_does_not_start) ... ok
test_no_record_with_old_slots_is_not_fresh (test_subd_recover.TestUnknown.test_no_record_with_old_slots_is_not_fresh)
沒有記錄（例如舊版包起的）但子根已有前代：不當全新空間，照樣先收。 ... ok
test_scan_incomplete_does_not_start (test_subd_recover.TestUnknown.test_scan_incomplete_does_not_start) ... ok
test_aos7_ctl_task (test_tools_ctl.TestCtlTask.test_aos7_ctl_task)
〔tools〕 ... ok
test_fixed_name_lossless (test_tools_ctl.TestOwnerNames.test_fixed_name_lossless)
A3-06：甲／乙、A/B 與 A+B、x? 與 x!（owner、by、node 各段）都編成不同檔名；很長的也不同、不超過 255 bytes。 ... ok
test_non_ascii_owner_pauses_both_kept (test_tools_ctl.TestOwnerNames.test_non_ascii_owner_pauses_both_kept)
A3-06：daemon 沒起前送兩份 pause（owner 甲、乙），起來後兩個 owner 都在 paused.json。 ... ok
test_max_lines_applies_to_daemon_events (test_modules_history.TestHistoryMaxLines.test_max_lines_applies_to_daemon_events) ... ok
test_daemon_events_source_does_not_mix_with_status (test_modules_history.TestHistoryNames.test_daemon_events_source_does_not_mix_with_status) ... ok
test_slash_and_plus_sources_have_separate_histories (test_modules_history.TestHistoryNames.test_slash_and_plus_sources_have_separate_histories) ... ok
test_counter_reads_previous_state_and_gets_tock (test_modules_history.TestModules.test_counter_reads_previous_state_and_gets_tock) ... ok
test_history_module_appends_last_rounds (test_modules_history.TestModules.test_history_module_appends_last_rounds) ... ok
test_long_run_file_count (test_adapt_flow.TestConsumers.test_long_run_file_count)
300 個 dst 回合後 dst 的 in/、adapt/、adapt 槽與 src 的 out/ 檔數不變（暫存器、框架都覆寫）。 ... ok
test_step_num_condition (test_adapt_flow.TestConsumers.test_step_num_condition)
step 不改一行：wait 的 num 條件讀 in/temp.json 的 value.c；79.0 不成立、80.0（unknown，欄位缺）不成立且耐性照步算、 ... ok
test_threshold_and_fan (test_adapt_flow.TestConsumers.test_threshold_and_fan)
801→hot true；800→hot null＋unknown（80.0±0.05 跨 80）；799、790→false。fan 在 unknown 時保持上一動作、記 held。 ... ok
test_adapt_killed_reattaches (test_adapt_flow.TestFaults.test_adapt_killed_reattaches)
adapt 被 SIGKILL、keep 重起：新 run 從槽內 state.json 接 since／last_seq，skipped 不重算、同一版不當新版。 ... ok
test_dst_pause (test_adapt_flow.TestFaults.test_dst_pause)
dst pause：沒回合 → 暫存器不動（內容與 mtime）、耐性不走；resume 後照常 ok。 ... ok
test_half_written_unreadable_dir (test_adapt_flow.TestFaults.test_half_written_unreadable_dir)
截斷（非原子寫）、缺 round、真 EACCES、換成資料夾、選不到欄；旁邊的半寫暫存檔不影響。宣告被改＝unknown，改回恢復。 ... ok
test_fast_source (test_adapt_flow.TestFlow.test_fast_source)
src 20ms／dst 200ms：每個 dst 回合 src_round 前進 >1、skipped 累加、state ok、age ≤ 1；不報錯、不補。 ... ok
test_same_rate (test_adapt_flow.TestFlow.test_same_rate)
src、dst 都 50ms：照常 ok、age ≤ 1。 ... ok
test_slow_source (test_adapt_flow.TestFlow.test_slow_source)
src 200ms／dst 20ms：連續多個 dst 回合同一份依據、age ≤ 1、不翻 unknown（慢不是壞）。 ... ok
test_daemon_kill9_restart (test_adapt_flow.TestSource.test_daemon_kill9_restart)
daemon（含進行中的 tick／tock）kill -9 再起：回合接續（核心 §3）、無 reset，最後回 ok 且依據是新回合。 ... ok
test_pause_stall_3 (test_adapt_flow.TestSource.test_pause_stall_3)
stall: 3：來源 pause 後第 4 個 dst 回合翻 unknown（stalled）、last 還在；resume 後 ≤ 2 回合回 ok。 ... ok
test_pause_stall_null (test_adapt_flow.TestSource.test_pause_stall_null)
來源 pause：來源鐘凍結、age 不長、state 維持 ok、src_state stalled；resume 後 ≤ 2 回合回 advancing。 ... ok
test_source_rebuilt (test_adapt_flow.TestSource.test_source_rebuilt)
來源 node 重建（回合從 1 起、舊檔還在）：src_state reset、state unknown、舊依據作廢；新值到才 ok，basis 是新鐘。 ... ok
test_err_propagation (test_adapt_unit.TestChain.test_err_propagation) ... ok
test_fail_reasons (test_adapt_unit.TestChain.test_fail_reasons) ... ok
test_round_half_up (test_adapt_unit.TestChain.test_round_half_up)
A7-01：scale 的 round 是四捨五入（平手遠離零），不是 Python round 的取偶數。 ... ok
test_threshold_band (test_adapt_unit.TestChain.test_threshold_band)
誤差 0.05：80.1 判 true；80.0（區間 79.95～80.05 跨 80）判 null；79.9、79.0 判 false。 ... ok
test_bad_types_no_exception (test_adapt_unit.TestCheck.test_bad_types_no_exception) ... ok
test_cli_rc1_on_error (test_adapt_unit.TestCheck.test_cli_rc1_on_error) ... ok
test_errors (test_adapt_unit.TestCheck.test_errors) ... ok
test_example_passes_cli (test_adapt_unit.TestCheck.test_example_passes_cli) ... ok
test_absent_and_band_and_clock_unknown (test_adapt_unit.TestEvaluate.test_absent_and_band_and_clock_unknown) ... ok
test_expired_by_source_clock (test_adapt_unit.TestEvaluate.test_expired_by_source_clock) ... ok
test_frame_not_mutated (test_adapt_unit.TestEvaluate.test_frame_not_mutated) ... ok
test_ok_then_patience_then_unknown (test_adapt_unit.TestEvaluate.test_ok_then_patience_then_unknown) ... ok
test_reset_voids_old_basis (test_adapt_unit.TestEvaluate.test_reset_voids_old_basis) ... ok
test_same_round_not_double_counted (test_adapt_unit.TestEvaluate.test_same_round_not_double_counted) ... ok
test_skipped_counts_gaps_once (test_adapt_unit.TestEvaluate.test_skipped_counts_gaps_once) ... ok
test_stall_option (test_adapt_unit.TestEvaluate.test_stall_option) ... ok
test_a8_01_precision_no_exception (test_adapt_unit.TestNumeric.test_a8_01_precision_no_exception)
A8-01：合法宣告＋合法來源不拋 decimal.InvalidOperation（1e16 取到 12 位、1e28 取到 0 位）。 ... ok
test_a8_01_unexpected_exception_not_stale_ok (test_adapt_unit.TestNumeric.test_a8_01_unexpected_exception_not_stale_ok)
A8-01 的後果面：判定拋了沒料到的例外，任務不退出、不留下舊 ok——這圈寫 unknown（internal_error），框架不動。 ... ok
test_a8_02_integer_exact (test_adapt_unit.TestNumeric.test_a8_02_integer_exact)
A8-02：整數取整後不強轉 float；2^53+1 原樣發布，誤差不突破宣告。 ... ok
test_a8_02_repr_error_in_err (test_adapt_unit.TestNumeric.test_a8_02_repr_error_in_err)
A8-02：非整數結果 float 放不下時，發布值與真值的差算進 err（真值一定落在 value ± err）。 ... ok
test_a8_03_band_not_collapsed (test_adapt_unit.TestNumeric.test_a8_03_band_not_collapsed)
A8-03：x=10000、err=5e-13、門檻 10000：四種比較都落在誤差帶（null），不硬判。 ... ok
test_a8_04_intermediate_overflow_exact (test_adapt_unit.TestNumeric.test_a8_04_intermediate_overflow_exact)
中間值超出 float 範圍、最後縮回來：精確算，照常 ok。 ... ok
test_a8_04_overflow_not_ok (test_adapt_unit.TestNumeric.test_a8_04_overflow_not_ok)
A8-04：有限來源乘出 float 範圍外＝unknown（out_of_range，讀取成功、不撐舊值），不發布 ok/Infinity。 ... ok
test_backend_eacces_is_unknown (test_budget_ledger.TestBounds.test_backend_eacces_is_unknown)
A6-02：真 EACCES（backend.json 權限 000）：rc 3、內容不變；恢復權限後同 K 只受理一次。 ... ok
test_backend_eio_is_unknown (test_budget_ledger.TestBounds.test_backend_eio_is_unknown)
A6-02：已有 intent，後端讀到 EIO：call、cancel 都回 3（非終局），intent 與預留留著；恢復後同 K 只受理一次。 ... ok
test_clock_hw_rises_on_denied_and_replay (test_budget_ledger.TestBounds.test_clock_hw_rises_on_denied_and_replay)
clock_hw 每次帳讀到合法 c 就推高：到期被拒、重播也算；之後退鐘到這之下＝未知，不放行。 ... ok
test_gateway_tmp_sweeps_only_dead_writer (test_budget_ledger.TestBounds.test_gateway_tmp_sweeps_only_dead_writer) ... ok
test_orphan_receipts_swept_and_replay_same (test_budget_ledger.TestBounds.test_orphan_receipts_swept_and_replay_same)
孤兒回條：K 已結算、沒人讀的回條，滿 ORPHAN_ROUNDS 個本 node 回合才刪；重播回條跟刪掉的一樣；在途 K 的不刪。 ... ok
test_out_directory_then_replay (test_budget_ledger.TestBounds.test_out_directory_then_replay) ... ok
test_payload_eio_and_bad_input (test_budget_ledger.TestBounds.test_payload_eio_and_bad_input) ... ok
test_replay_eio_preserves_out (test_budget_ledger.TestBounds.test_replay_eio_preserves_out) ... ok
test_retired_refuses_new (test_budget_ledger.TestBounds.test_retired_refuses_new)
退役：retired.json 在＝新 K 拒收（rc 1、不入帳）；已結算的 K 照樣重播；retired.json 讀不到＝未知。 ... ok
test_weighted_cost (test_budget_ledger.TestBounds.test_weighted_cost) ... ok
test_cancel_after_effect_refused (test_budget_ledger.TestCrash.test_cancel_after_effect_refused)
後端已受理（入口回條未寫）時取消：查回效果、寫成 accepted，取消不成；結算 1。 ... ok
test_cancel_run_race (test_budget_ledger.TestCrash.test_cancel_run_race)
十個 K 各自同時跑 call 與 cancel：每個 K 恰為「後端受理」或「已取消」之一，不雙花；途中每份帳快照都守恆。 ... ok
test_cancel_then_late_run (test_budget_ledger.TestCrash.test_cancel_then_late_run)
預留後取消：終局 cancelled，晚到的 run(K) 不執行、結算 0、額度退回。 ... ok
test_ledger_points (test_budget_ledger.TestCrash.test_ledger_points) ... ok
test_unknown_then_evidence (test_budget_ledger.TestCrash.test_unknown_then_evidence)
准入意圖寫了就被殺：settle 回 unknown、預留留著（不退）；補上證據（重跑同 K）才結算。 ... ok
test_wrapper_points (test_budget_ledger.TestCrash.test_wrapper_points)
包裝程式在 reserve 後、准入意圖後、後端效果後（回條未寫）、入口回條後、結算後被殺：重跑同 K 不重扣、不重做。 ... ok
test_child_grant_refused (test_budget_ledger.TestGrant.test_child_grant_refused)
子 grant（parent 或 delegate 不是 false）：開帳拒絕、判定 denied。 ... ok
test_clock_unknown_and_backwards (test_budget_ledger.TestGrant.test_clock_unknown_and_backwards) ... ok
test_grant_changed_or_missing_is_unknown (test_budget_ledger.TestGrant.test_grant_changed_or_missing_is_unknown) ... ok
test_init_refuses_existing (test_budget_ledger.TestGrant.test_init_refuses_existing) ... ok
test_ok_and_mismatch (test_budget_ledger.TestGrant.test_ok_and_mismatch) ... ok
test_window_half_open (test_budget_ledger.TestGrant.test_window_half_open)
from ≤ c < until：until 那一回合起就到期；from 之前是 not_yet（非終局）。 ... ok
test_consume_one (test_budget_ledger.TestNormal.test_consume_one) ... ok
test_mismatch_denied (test_budget_ledger.TestNormal.test_mismatch_denied)
持有人、資源、入口不符：reserve 被拒、不入帳。 ... ok
test_race_last_unit (test_budget_ledger.TestNormal.test_race_last_unit)
額度 1，六個不同 K 同時搶：恰一個成功，其餘 denied（不入帳）。 ... ok
test_reject_zero_fail_one (test_budget_ledger.TestNormal.test_reject_zero_fail_one)
後端明確拒絕計 0、退回預留；已受理後處理失敗仍計 1。 ... ok
test_same_key_concurrent (test_budget_ledger.TestNormal.test_same_key_concurrent)
同 K 同內容六個並行：全部回同一個成功結果，後端只受理一次、只扣一次。 ... ok
test_same_key_other_content_conflict (test_budget_ledger.TestNormal.test_same_key_other_content_conflict) ... ok
test_admitted_then_expired_still_settles (test_budget_ledger.TestTime.test_admitted_then_expired_still_settles)
已准入（意圖寫了）後到期：恢復不再查效期，照常受理並結算 1。 ... ok
test_bad_clock (test_budget_ledger.TestTime.test_bad_clock)
壞鐘：新 reserve 未知（不入帳）；已有入口證據的結算照做（不看時鐘）；時鐘倒退＝未知。 ... ok
test_bad_ledger_refuses (test_budget_ledger.TestTime.test_bad_ledger_refuses)
壞帳：帳任務不受理（記 error.json、請求留著），包裝程式等滿耐性回 3；修好後同一請求照常處理、只扣一次。 ... ok
test_missing_ledger_not_reopened (test_budget_ledger.TestTime.test_missing_ledger_not_reopened) ... ok
test_not_yet_is_not_terminal (test_budget_ledger.TestTime.test_not_yet_is_not_terminal) ... ok
test_reserve_after_expiry_denied (test_budget_ledger.TestTime.test_reserve_after_expiry_denied) ... ok
test_reserved_then_expired_first_run_denied (test_budget_ledger.TestTime.test_reserved_then_expired_first_run_denied)
到期前 reserve、到期後首次准入被擋：入口終局 denied、結算 0、額度退回。 ... ok
test_end_to_end_and_replay_after_close (test_budget_step.TestBudgetDaemon.test_end_to_end_and_replay_after_close) ... ok
test_pause_and_daemon_restart_clock (test_budget_step.TestBudgetDaemon.test_pause_and_daemon_restart_clock)
completed_tock：pause 時不前進；daemon 重開接續原回合（不歸零）；之後 call 照常、帳的 clock_hw 不超過時鐘。 ... ok
test_restart_on_end_new_request_new_transaction (test_budget_step.TestBudgetDaemon.test_restart_on_end_new_request_new_transaction)
restart_on_end：每個新 inst 是新 request＝新交易；額度 3 用完後第四次 reserve 被拒，工作走 failed。 ... ok
test_work_failure_still_counts (test_budget_step.TestBudgetDaemon.test_work_failure_still_counts)
後端已受理、處理失敗：step ok:false 走 failed，但帳照受理結算 1（不因 step 失敗退款）。 ... ok
test_crash_points_resend_same_request (test_budget_step.TestBudgetStepProbes.test_crash_points_resend_same_request) ... ok
test_expired_between_rounds (test_budget_step.TestBudgetStepProbes.test_expired_between_rounds)
reserve 後被殺、step 停在 unknown；回合走過 until 後 resume --resend：首次准入被擋 → 結算 0、step 走 failed。 ... ok
test_rc3_exhausted_halts_unknown_then_resume (test_budget_step.TestBudgetStepProbes.test_rc3_exhausted_halts_unknown_then_resume)
A8-10：call 一直退出 3 → a2 用完 max_resends 才 halted unknown（不走 fail、不結案）；預留留著， ... ok
test_rc3_unknown_codes_resend_same_request (test_budget_step.TestBudgetStepProbes.test_rc3_unknown_codes_resend_same_request)
A8-10：後端讀寫不到讓 call 退出 3；示範表開 unknown_codes [3] → step 走 on_unknown，同 request 自動重送 a2， ... ok
test_slot_gone_settle_without_step (test_budget_step.TestBudgetStepProbes.test_slot_gone_settle_without_step)
入口回條寫了、結算前被殺，step 停在 unknown（不自動重送）；once 槽刪掉後直接 settle 照入口證據結算 1； ... ok
test_bad_types_json_diagnostics (test_step.TestCheck.test_bad_types_json_diagnostics)
start=[]、ok=[]、result.ok=[]：CLI 回 JSON 診斷陣列（error）、rc 1、stderr 沒有 traceback（A4-04）。 ... ok
test_examples_pass (test_step.TestCheck.test_examples_pass) ... ok
test_global_kill_on_wait (test_step.TestCheck.test_global_kill_on_wait)
全域 on_timeout: kill＋wait 步 → error（查套預設後的有效值）；步內改回 unknown 就過（A4-04）。 ... ok
test_max_resends_type (test_step.TestCheck.test_max_resends_type)
max_resends（run 步）：非負整數才過；0 也合法（＝不自動重送）。 ... ok
test_r1_finite_or_patience (test_step.TestCheck.test_r1_finite_or_patience) ... ok
test_r2_non_idempotent_in_retry_loop (test_step.TestCheck.test_r2_non_idempotent_in_retry_loop)
rotate（不冪等）放進重試圈 → R2；改成先查回條（receipt）就過；on_unknown: resend 不冪等 → R2。 ... ok
test_r3_only_local_rounds (test_step.TestCheck.test_r3_only_local_rounds) ... ok
test_run_step_wake (test_step.TestCheck.test_run_step_wake)
run 步可逐步覆蓋 wake（A4-07）；型別要是 true／false；restart_on_end 不能寫在步內。 ... ok
test_structure (test_step.TestCheck.test_structure) ... ok
test_unknown_codes_type (test_step.TestCheck.test_unknown_codes_type)
unknown_codes（run 步，A8-10）：非空、互異、1～255 的真整數陣列才過。 ... ok
test_backup_end_to_end (test_step.TestStepDaemon.test_backup_end_to_end)
備份四步走通：rotate 一次、通知帶 request；dump 失敗兩次後成功（count 計數 2）。 ... ok
test_csv_end_to_end (test_step.TestStepDaemon.test_csv_end_to_end)
CSV→JSON→報表：兩步各一個核心 run（不同槽），第二步只讀第一步已採用的 request，結果檔各一份。 ... ok
test_file_count_bounded (test_step.TestStepDaemon.test_file_count_bounded)
restart_on_end：同一個工作跑 6 次，結案時清結果，工作資料夾檔數與槽數不隨次數長。 ... ok
test_pause_freezes_patience (test_step.TestStepDaemon.test_pause_freezes_patience)
wait 步耐性 10 回合；pause node 1.5 秒（≈15 個 interval）：框架不動、不逾時；resume 後條件成立照常結束。 ... ok
test_wake_option (test_step.TestStepDaemon.test_wake_option)
wake: true：登記完 once 就寫 daemon 的 wake（回條 ok）；預設不寫。 ... ok
test_backup_rotate_fail_not_retried (test_step.TestStepProbes.test_backup_rotate_fail_not_retried)
備份：rotate 直接失敗 → 走 fail（結束 failed），不重試。 ... ok
test_backup_rotate_unknown_not_retried (test_step.TestStepProbes.test_backup_rotate_unknown_not_retried)
備份：rotate（不冪等）轉完、結果寫出前被殺 → unknown 停住，不重送（只轉過一次）。 ... ok
test_bad_tasks_json_refused (test_step.TestStepProbes.test_bad_tasks_json_refused)
壞 tasks.json：直譯器拒寫（表原封不動）、撤掉意圖、記 error.json；修好後照常派、走完。 ... ok
test_broken_frame_and_changed_table (test_step.TestStepProbes.test_broken_frame_and_changed_table)
框架壞掉：不前進、記錯、不從結果檔反推；工作進行中改了步驟表：停（version）。 ... ok
test_crash_points_advance_once (test_step.TestStepProbes.test_crash_points_advance_once)
先驗 SIGKILL 與死亡快照，再恢復；過期 intent 要人手重送。 ... ok
test_expired_intent_unknown (test_step.TestStepProbes.test_expired_intent_unknown)
過期 intent（R8-13）：不再直接停，走 on_unknown——stop 停 unknown、receipt 當 ok、resend 同 request 派 a2。 ... ok
test_idempotent_resend_keeps_request (test_step.TestStepProbes.test_idempotent_resend_keeps_request)
冪等步＋on_unknown: resend：被殺後自動重派一次，request 不變、attempt +1。 ... ok
test_intent_round_tick_overlap (test_step.TestStepProbes.test_intent_round_tick_overlap)
R8-22 時序驗證：直譯器讀到回合 r（tick r 已開、還沒讀表）就加項，once 在 r 起、沒結果就死、tock r+1 刪槽； ... ok
test_interp_killed_reattaches_same_attempt (test_step.TestStepProbes.test_interp_killed_reattaches_same_attempt)
子工作還在跑時 SIGKILL 直譯器：keep 重開接回同一個 attempt，不多派；放閘門後照常走完。 ... ok
test_killed_after_artifact_before_result (test_step.TestStepProbes.test_killed_after_artifact_before_result)
產物寫了、結果沒寫時 kill 子工作：停在 unknown（不誤報成功、不當沒做、不自動重送）。 ... ok
test_max_resends_two (test_step.TestStepProbes.test_max_resends_two)
max_resends: 2：被殺兩次都自動重派（同 request、a2、a3），第三次 unknown 才停；共跑 3 次。 ... ok
test_once_slot_gone_result_carries_on (test_step.TestStepProbes.test_once_slot_gone_result_carries_on)
直譯器停了好幾回合、子工作的 once 槽已被刪：重開後靠槽外結果繼續，不重派。 ... ok
test_resend_budget_survives_bad_table (test_step.TestStepProbes.test_resend_budget_survives_bad_table)
R8-14：自動重送額度記在 request 層；重送那次被壞表拒寫後額度不重設，下一次 unknown 就停（共跑 2 次）； ... ok
test_start_wait_patience (test_step.TestStepProbes.test_start_wait_patience)
start 就是 wait（耐性 2）：建框架那圈就有耐性起點，條件不成立照 patience 停在 timeout（A4-03）。 ... ok
test_sweep_dead_tmp (test_step.TestStepProbes.test_sweep_dead_tmp)
C8-03 step 份：直譯器啟動時清工作資料夾與 results/<步>/ 裡寫者已死的暫存檔，活寫者的不碰。 ... ok
test_unknown_codes_results (test_step.TestStepProbes.test_unknown_codes_results)
A8-10(b)：退出碼列在 unknown_codes → on_unknown（同 request 新 attempt、受 max_resends 限、超額停 unknown）； ... ok
test_wait_timeout_and_receipt (test_step.TestStepProbes.test_wait_timeout_and_receipt)
wait 耐性 2 回合到期 → 停（timeout，預設 unknown）；條件之後成立、resume 後照走。receipt 成立的 run 步不派。 ... ok

----------------------------------------------------------------------
Ran 458 tests in 244.845s

OK
