# 指令: systemd-run --user --scope -q -p TasksMax=200 -p RuntimeMaxSec=120 bash /tmp/astra8-verify-NEW-core-4.sh
# 腳本:
T=$(mktemp -d /tmp/astra8-core-XXXX)
export T PYTHONDONTWRITEBYTECODE=1
python3 -B proto7-2/modules/events/aos7-events pub \
  --events "$T/events" --create --node n \
  --kind hello --event-id e1 --payload '{}'

python3 -B - <<'PY'
import errno, os, sys
from unittest.mock import patch
sys.path[:0] = ["proto7-2/modules/events", "proto7-2/lib"]
import aos7_events_read as reader

events = os.path.join(os.environ["T"], "events")
original = open
def fault(path, *args, **kwargs):
    if os.fspath(path) == os.path.join(events, "obs.active.jsonl"):
        raise OSError(errno.EIO, "astra8 read failure")
    return original(path, *args, **kwargs)

with patch("builtins.open", fault):
    sys.exit(reader.main(["--events", events]))
PY
printf 'read rc=%s\n' "$?"
rm -rf "$T"
# 輸出(前40行):
{"ok": true, "seq": 1, "dup": false, "why": null}
{"records": [], "next_cursor": 1, "earliest_cursor": 2, "coverage": [], "gaps": [], "errors": [{"kind": "file_unreadable", "file": "obs.active.jsonl"}, {"kind": "seq_hole", "from": 1, "to": 1}]}
read rc=0
