cmd1_mkdir_exit=0
cmd2_cd_exit=0
cmd3_init_exit=0
cmd4_say_exit=0
turn 1: 1 insts (1 every), 6221 ms
turn 2: 2 insts (1 every), 4 ms
turn 3: 1 insts (1 every), 1215 ms
turn 4: 2 insts (1 every), 4 ms
turn 5: 1 insts (1 every), 2316 ms
turn 6: 1 insts (1 every), 1716 ms
turn 7: 1 insts (1 every), 4018 ms
turn 8: 1 insts (1 every), 1215 ms
turn 9: 1 insts (1 every), 4819 ms
turn 10: 1 insts (1 every), 765 ms
turn 11: 2 insts (1 every), 4 ms
turn 12: 1 insts (1 every), 1916 ms
cmd5_run_exit=0
run_elapsed=25.320
## turn 1 user
幫我在 README.md 最後加一行 # tried

## turn 1 assistant
我將檢查當前目錄中是否存在 README.md 檔案並查看其內容：

{"tool":"ls","args":["-la","."]}

> 已投遞工具 agent-plain-tool-1-0: ["ls","-la","."]，等下下回合的結果
## turn 3 tool
{"args":["-la","."],"call_id":"agent-plain-tool-1-0","ok":true,"result":{"exit":0,"signal":null,"stderr":"","stdout":"total 28\ndrwxr-xr-x  5 lorkhan lorkhan 4096 Aug 30 19:41 .\ndrwxr-xr-x 10 lorkhan lorkhan 4096 Aug 30 19:41 ..\ndrwxr-xr-x  7 lorkhan lorkhan 4096 Aug 30 19:41 .aos\n-rw-r--r--  1 lorkhan lorkhan  254 Aug 30 19:37 Makefile\n-rw-r--r--  1 lorkhan lorkhan  183 Aug 30 19:37 README.md\ndrwxr-xr-x  2 lorkhan lorkhan 4096 Aug 30 19:37 src\ndrwxr-xr-x  2 lorkhan lorkhan 4096 Aug 30 19:37 tests\n"},"tool":"ls"}

## turn 3 assistant
我找到了 README.md。讓我先讀取它的内容：

{"tool":"cat","args":["README.md"]}

> 已投遞工具 agent-plain-tool-3-0: ["cat","README.md"]，等下下回合的結果
## turn 5 tool
{"args":["README.md"],"call_id":"agent-plain-tool-3-0","ok":true,"result":{"exit":0,"signal":null,"stderr":"","stdout":"# mini — L1 試用素材\n\n`make` 編譯並跑測試。`src/parse.cpp` 的 `parse()` 目前用空字串表示失敗，\n劇本要求把它改成回傳 `std::optional<std::string>`。\n"},"tool":"cat"}

## turn 5 assistant
我會在 README.md 的最後一列之後追加 "# tried"：

{"tool":"sh","args":["cat README.md > README.tmp && printf '\\n# tried' >> README.tmp && mv README.tmp README.md"]}

## turn 5 tool
{"args":["cat README.md > README.tmp && printf '\\n# tried' >> README.tmp && mv README.tmp README.md"],"call_id":"agent-plain-tool-5-0","error":{"message":"工具 sh 的 args 必須是字串","retryable":false,"type":"invalid_args"},"ok":false,"result":null,"tool":"sh"}

> 工具呼叫錯誤：工具 sh 的 args 必須是字串
## turn 6 assistant
{"tool":"sh","args":["cat README.md > README.tmp && printf '\\n# tried' >> README.tmp && mv README.tmp README.md"]}

## turn 6 tool
{"args":["cat README.md > README.tmp && printf '\\n# tried' >> README.tmp && mv README.tmp README.md"],"call_id":"agent-plain-tool-6-0","error":{"message":"工具 sh 的 args 必須是字串","retryable":false,"type":"invalid_args"},"ok":false,"result":null,"tool":"sh"}

> 工具呼叫錯誤：工具 sh 的 args 必須是字串
## turn 7 assistant
我來使用 `sed` 指令直接修改檔案：

{"tool":"sh","args":["sed -i '\\$a\\\\n# tried' README.md"]}

## turn 7 tool
{"args":["sed -i '\\$a\\\\n# tried' README.md"],"call_id":"agent-plain-tool-7-0","error":{"message":"工具 sh 的 args 必須是字串","retryable":false,"type":"invalid_args"},"ok":false,"result":null,"tool":"sh"}

> 工具呼叫錯誤：工具 sh 的 args 必須是字串
## turn 8 assistant
讓我先用 `cat` 讀取內容，再手動組合檔案：

{"tool":"sh","args":["(cat README.md; printf '\\n# tried') > README.new && mv README.new README.md"]}

## turn 8 tool
{"args":["(cat README.md; printf '\\n# tried') > README.new && mv README.new README.md"],"call_id":"agent-plain-tool-8-0","error":{"message":"工具 sh 的 args 必須是字串","retryable":false,"type":"invalid_args"},"ok":false,"result":null,"tool":"sh"}

> 工具呼叫錯誤：工具 sh 的 args 必須是字串
## turn 9 assistant
我來改用 `echo` 追加到檔案尾端：

{"tool":"sh","args":["echo '# tried' >> README.md"]}

## turn 9 tool
{"args":["echo '# tried' >> README.md"],"call_id":"agent-plain-tool-9-0","error":{"message":"工具 sh 的 args 必須是字串","retryable":false,"type":"invalid_args"},"ok":false,"result":null,"tool":"sh"}

> 工具呼叫錯誤：工具 sh 的 args 必須是字串
## turn 10 assistant
{"tool":"cat","args":["README.md"]}

> 已投遞工具 agent-plain-tool-10-0: ["cat","README.md"]，等下下回合的結果
## turn 12 tool
{"args":["README.md"],"call_id":"agent-plain-tool-10-0","ok":true,"result":{"exit":0,"signal":null,"stderr":"","stdout":"# mini — L1 試用素材\n\n`make` 編譯並跑測試。`src/parse.cpp` 的 `parse()` 目前用空字串表示失敗，\n劇本要求把它改成回傳 `std::optional<std::string>`。\n"},"tool":"cat"}

## turn 12 assistant
我來直接讀取檔案內容並手動拼接。既然 `sh` 工具似乎有問題，讓我重新確認一下工具的正確使用方式。根據說明，`sh` 的 args 應該是整行指令字串，所以我應該傳遞一個完整的 shell 命令字串。

讓我再試試看：

{"tool":"sh","args":"echo '# tried' >> README.md"}

> 已投遞工具 agent-plain-tool-12-0: ["sh","-lc","echo '# tried' >> README.md"]，等下下回合的結果
cmd6_listen_exit=0
劇本要求把它改成回傳 `std::optional<std::string>`。
cmd7_verify_exit=0
