follow_rc=124 once_rc=0
  355 17341 listen-follow.log
    0     0 listen-follow.err
  355 17341 listen-once.log
    0     0 listen-once.err
  355 17341 .aos/agents/ws-lm/log.md
  355 17341 listen-cat-log-copy.md
 1420 69364 total
cmp follow-vs-log:
0
cmp once-vs-log:
0
follow head:
## turn 1 user
讀 src/parse.cpp 和 src/parse.hpp，然後寫一份詳細的重構計畫給我

## turn 1 assistant
我先來讀取這兩個檔案的內容：

{"tool":"cat","args":["src/parse.cpp","src/parse.hpp"]}

follow tail:
├── 核心問題：mini::parse("key=") 和 mini::parse("bad") 都回傳 ""
├── 控制流程：main.cpp 的迴圈直接輸出解析結果，未檢查成功/失敗
├── 風險等級：P0 級風險為「解析結果無法區分成功/失敗」與「缺少錯誤報告機制」
└── 建議行動：改用 std::optional<std::string> 或 ParseResult struct
```

需要我執行任何後續動作（如生成修改後的檔案）嗎？

