test_retry_lost_value_false (test_once_retry.TestRetryLost.test_retry_lost_value_false)
T8-08：先有真正的 lost，再驗證只有布林 true 才產生候選並執行一次。［false］ ... FAIL

======================================================================
FAIL: test_retry_lost_value_false (test_once_retry.TestRetryLost.test_retry_lost_value_false)
T8-08：先有真正的 lost，再驗證只有布林 true 才產生候選並執行一次。［false］
----------------------------------------------------------------------
Traceback (most recent call last):
  File "/tmp/astra7-group5-t8-5hgu4rto/T8-08/proto7-2/tests/_matrix.py", line 44, in t
    return body(self, *_a)
  File "/tmp/astra7-group5-t8-5hgu4rto/T8-08/proto7-2/modules/once_retry/tests/test_once_retry.py", line 121, in check_retry_lost_value
    self.assertEqual(self.ends_of(sums, "o"), [lost])
    ~~~~~~~~~~~~~~~~^^^^^^^^^^^^^^^^^^^^^^^^^^^^^^^^^
AssertionError: Lists differ: [{'run': 'o#1', 'code': 0}] != [{'run': 'o#1', 'code': None, 'lost': True, 'never_started': True}]

First differing element 0:
{'run': 'o#1', 'code': 0}
{'run': 'o#1', 'code': None, 'lost': True, 'never_started': True}

- [{'code': 0, 'run': 'o#1'}]
+ [{'code': None, 'lost': True, 'never_started': True, 'run': 'o#1'}]

----------------------------------------------------------------------
Ran 1 test in 0.057s

FAILED (failures=1)
