shell_rc=0 elapsed=10s after=2026-08-30T19:45:40+08:00
before=2026-08-30T19:45:30+08:00
.aos/agents/ws-lm/history.json 16626 bytes mtime=2026-08-30 19:44:51.882754184 +0800
.aos/agents/ws-lm/log.md 15880 bytes mtime=2026-08-30 19:44:51.884428277 +0800
history_items=1
-- shell output --

| 順序 | 您的請求 | 我的回應 |
|------|----------|----------|
| 1️⃣ | 讀取 `src/parse.cpp` 和 `src/parse.hpp`，寫一份詳細重構計畫 | ✅ 已讀檔並分析出核心問題：函數在「失敗」與「成功解析空值」時都回傳 `""` |
| 2️⃣ | 再幫我看一次 `src/main.cpp`，寫一份詳細分析 | ✅ 已讀檔並指出控制流程與 fail 分支的混淆問題 |
| 3️⃣ | **最後**：請逐行說明控制流程、每個失敗分支、與 parse.hpp 和 parse.cpp 的關係，最後列出完整重構風險清單 | ✅ 已完成深度分析，包含：<br>- 逐行控制流程解讀<br>- 4 種失敗分支情境（無參數/格式錯誤/空值/成功）<br>- 與 parse 模組的關聯性表<br>- 8 項風險清單（含優先級評估）<br>- 重構策略建議 |

---

### 📊 剛才的重點成果

```
├── 核心問題：mini::parse("key=") 和 mini::parse("bad") 都回傳 ""
├── 控制流程：main.cpp 的迴圈直接輸出解析結果，未檢查成功/失敗
├── 風險等級：P0 級風險為「解析結果無法區分成功/失敗」與「缺少錯誤報告機制」
└── 建議行動：改用 std::optional<std::string> 或 ParseResult struct
```

需要我執行任何後續動作（如生成修改後的檔案）嗎？

-- run4.log --
turn 31: 1 insts (1 every), 10175 ms
turn 32: 1 insts (1 every), 3 ms
turn 33: 1 insts (1 every), 7 ms
turn 34: 1 insts (1 every), 8 ms
turn 35: 1 insts (1 every), 3 ms
turn 36: 1 insts (1 every), 3 ms
-- after files --
.aos/agents/ws-lm/history.json 18190 bytes mtime=2026-08-30 19:45:40.152574561 +0800
.aos/agents/ws-lm/log.md 17341 bytes mtime=2026-08-30 19:45:40.154728060 +0800
history_items=1
